Component: ARM Compiler 5.06 update 2 (build 183) Tool: armlink [4d35b7]

==============================================================================

Section Cross References

    startup_stm32f429_439xx.o(RESET) refers to startup_stm32f429_439xx.o(STACK) for __initial_sp
    startup_stm32f429_439xx.o(RESET) refers to startup_stm32f429_439xx.o(.text) for Reset_Handler
    startup_stm32f429_439xx.o(RESET) refers to stm32f4xx_it.o(i.NMI_Handler) for NMI_Handler
    startup_stm32f429_439xx.o(RESET) refers to stm32f4xx_it.o(i.HardFault_Handler) for HardFault_Handler
    startup_stm32f429_439xx.o(RESET) refers to stm32f4xx_it.o(i.MemManage_Handler) for MemManage_Handler
    startup_stm32f429_439xx.o(RESET) refers to stm32f4xx_it.o(i.BusFault_Handler) for BusFault_Handler
    startup_stm32f429_439xx.o(RESET) refers to stm32f4xx_it.o(i.UsageFault_Handler) for UsageFault_Handler
    startup_stm32f429_439xx.o(RESET) refers to stm32f4xx_it.o(i.SVC_Handler) for SVC_Handler
    startup_stm32f429_439xx.o(RESET) refers to stm32f4xx_it.o(i.DebugMon_Handler) for DebugMon_Handler
    startup_stm32f429_439xx.o(RESET) refers to stm32f4xx_it.o(i.PendSV_Handler) for PendSV_Handler
    startup_stm32f429_439xx.o(RESET) refers to stm32f4xx_it.o(i.SysTick_Handler) for SysTick_Handler
    startup_stm32f429_439xx.o(RESET) refers to stm32f4xx_it.o(i.USART1_IRQHandler) for USART1_IRQHandler
    startup_stm32f429_439xx.o(RESET) refers to stm32f4xx_it.o(i.USART2_IRQHandler) for USART2_IRQHandler
    startup_stm32f429_439xx.o(RESET) refers to stm32f4xx_it.o(i.EXTI15_10_IRQHandler) for EXTI15_10_IRQHandler
    startup_stm32f429_439xx.o(RESET) refers to bsp_sdio_sd.o(i.SDIO_IRQHandler) for SDIO_IRQHandler
    startup_stm32f429_439xx.o(RESET) refers to stm32f4xx_it.o(i.DMA2_Stream0_IRQHandler) for DMA2_Stream0_IRQHandler
    startup_stm32f429_439xx.o(RESET) refers to stm32f4xx_it.o(i.DMA2_Stream1_IRQHandler) for DMA2_Stream1_IRQHandler
    startup_stm32f429_439xx.o(RESET) refers to bsp_sdio_sd.o(i.DMA2_Stream3_IRQHandler) for DMA2_Stream3_IRQHandler
    startup_stm32f429_439xx.o(RESET) refers to stm32f4xx_it.o(i.DCMI_IRQHandler) for DCMI_IRQHandler
    startup_stm32f429_439xx.o(.text) refers to system_stm32f4xx.o(i.SystemInit) for SystemInit
    startup_stm32f429_439xx.o(.text) refers to entry.o(.ARM.Collect$$$$00000000) for __main
    system_stm32f4xx.o(i.SystemCoreClockUpdate) refers to system_stm32f4xx.o(.data) for SystemCoreClock
    system_stm32f4xx.o(i.SystemInit) refers to system_stm32f4xx.o(i.SetSysClock) for SetSysClock
    stm32f4xx_adc.o(i.ADC_DeInit) refers to stm32f4xx_rcc.o(i.RCC_APB2PeriphResetCmd) for RCC_APB2PeriphResetCmd
    stm32f4xx_can.o(i.CAN_DeInit) refers to stm32f4xx_rcc.o(i.RCC_APB1PeriphResetCmd) for RCC_APB1PeriphResetCmd
    stm32f4xx_can.o(i.CAN_GetITStatus) refers to stm32f4xx_can.o(i.CheckITStatus) for CheckITStatus
    stm32f4xx_cryp.o(i.CRYP_DeInit) refers to stm32f4xx_rcc.o(i.RCC_AHB2PeriphResetCmd) for RCC_AHB2PeriphResetCmd
    stm32f4xx_cryp_aes.o(i.CRYP_AES_CBC) refers to stm32f4xx_cryp.o(i.CRYP_KeyStructInit) for CRYP_KeyStructInit
    stm32f4xx_cryp_aes.o(i.CRYP_AES_CBC) refers to stm32f4xx_cryp.o(i.CRYP_FIFOFlush) for CRYP_FIFOFlush
    stm32f4xx_cryp_aes.o(i.CRYP_AES_CBC) refers to stm32f4xx_cryp.o(i.CRYP_Init) for CRYP_Init
    stm32f4xx_cryp_aes.o(i.CRYP_AES_CBC) refers to stm32f4xx_cryp.o(i.CRYP_KeyInit) for CRYP_KeyInit
    stm32f4xx_cryp_aes.o(i.CRYP_AES_CBC) refers to stm32f4xx_cryp.o(i.CRYP_Cmd) for CRYP_Cmd
    stm32f4xx_cryp_aes.o(i.CRYP_AES_CBC) refers to stm32f4xx_cryp.o(i.CRYP_GetFlagStatus) for CRYP_GetFlagStatus
    stm32f4xx_cryp_aes.o(i.CRYP_AES_CBC) refers to stm32f4xx_cryp.o(i.CRYP_IVInit) for CRYP_IVInit
    stm32f4xx_cryp_aes.o(i.CRYP_AES_CBC) refers to stm32f4xx_cryp.o(i.CRYP_GetCmdStatus) for CRYP_GetCmdStatus
    stm32f4xx_cryp_aes.o(i.CRYP_AES_CBC) refers to stm32f4xx_cryp.o(i.CRYP_DataIn) for CRYP_DataIn
    stm32f4xx_cryp_aes.o(i.CRYP_AES_CBC) refers to stm32f4xx_cryp.o(i.CRYP_DataOut) for CRYP_DataOut
    stm32f4xx_cryp_aes.o(i.CRYP_AES_CCM) refers to stm32f4xx_cryp.o(i.CRYP_KeyStructInit) for CRYP_KeyStructInit
    stm32f4xx_cryp_aes.o(i.CRYP_AES_CCM) refers to stm32f4xx_cryp.o(i.CRYP_FIFOFlush) for CRYP_FIFOFlush
    stm32f4xx_cryp_aes.o(i.CRYP_AES_CCM) refers to stm32f4xx_cryp.o(i.CRYP_KeyInit) for CRYP_KeyInit
    stm32f4xx_cryp_aes.o(i.CRYP_AES_CCM) refers to stm32f4xx_cryp.o(i.CRYP_IVInit) for CRYP_IVInit
    stm32f4xx_cryp_aes.o(i.CRYP_AES_CCM) refers to stm32f4xx_cryp.o(i.CRYP_Init) for CRYP_Init
    stm32f4xx_cryp_aes.o(i.CRYP_AES_CCM) refers to stm32f4xx_cryp.o(i.CRYP_PhaseConfig) for CRYP_PhaseConfig
    stm32f4xx_cryp_aes.o(i.CRYP_AES_CCM) refers to stm32f4xx_cryp.o(i.CRYP_DataIn) for CRYP_DataIn
    stm32f4xx_cryp_aes.o(i.CRYP_AES_CCM) refers to stm32f4xx_cryp.o(i.CRYP_Cmd) for CRYP_Cmd
    stm32f4xx_cryp_aes.o(i.CRYP_AES_CCM) refers to stm32f4xx_cryp.o(i.CRYP_GetCmdStatus) for CRYP_GetCmdStatus
[...]
    .ARM.Collect$$$$0000000A                 0x080001b4   Section        0  entry8b.o(.ARM.Collect$$$$0000000A)
    .ARM.Collect$$$$0000000B                 0x080001b4   Section        8  entry9a.o(.ARM.Collect$$$$0000000B)
    .ARM.Collect$$$$0000000D                 0x080001bc   Section        0  entry10a.o(.ARM.Collect$$$$0000000D)
    .ARM.Collect$$$$0000000F                 0x080001bc   Section        0  entry11a.o(.ARM.Collect$$$$0000000F)
    .ARM.Collect$$$$00002712                 0x080001bc   Section        4  entry2.o(.ARM.Collect$$$$00002712)
    __lit__00000000                          0x080001bc   Data           4  entry2.o(.ARM.Collect$$$$00002712)
    .text                                    0x080001c0   Section       36  startup_stm32f429_439xx.o(.text)
    $v0                                      0x080001c0   Number         0  startup_stm32f429_439xx.o(.text)
    .text                                    0x080001e4   Section        0  uldiv.o(.text)
    .text                                    0x08000246   Section        0  dadd.o(.text)
    .text                                    0x08000394   Section        0  dmul.o(.text)
    .text                                    0x08000478   Section        0  ddiv.o(.text)
    .text                                    0x08000556   Section        0  dflti.o(.text)
    .text                                    0x08000578   Section        0  dfltui.o(.text)
    .text                                    0x08000592   Section        0  f2d.o(.text)
    .text                                    0x080005b8   Section       48  cdcmple.o(.text)
    .text                                    0x080005e8   Section       48  cdrcmple.o(.text)
    .text                                    0x08000618   Section        0  uidiv.o(.text)
    .text                                    0x08000644   Section        0  llshl.o(.text)
    .text                                    0x08000662   Section        0  llushr.o(.text)
    .text                                    0x08000682   Section        0  llsshr.o(.text)
    .text                                    0x080006a6   Section        0  iusefp.o(.text)
    .text                                    0x080006a6   Section        0  depilogue.o(.text)
    .text                                    0x08000760   Section        0  dfixul.o(.text)
    .text                                    0x08000790   Section       36  init.o(.text)
    i.BL8782_PDN_INIT                        0x080007b4   Section        0  main.o(i.BL8782_PDN_INIT)
    BL8782_PDN_INIT                          0x080007b5   Thumb Code    60  main.o(i.BL8782_PDN_INIT)
    i.BusFault_Handler                       0x080007f4   Section        0  stm32f4xx_it.o(i.BusFault_Handler)
    i.DCMI_CaptureCmd                        0x080007f8   Section        0  stm32f4xx_dcmi.o(i.DCMI_CaptureCmd)
    i.DCMI_ClearITPendingBit                 0x0800081c   Section        0  stm32f4xx_dcmi.o(i.DCMI_ClearITPendingBit)
    i.DCMI_Cmd                               0x08000828   Section        0  stm32f4xx_dcmi.o(i.DCMI_Cmd)
    i.DCMI_GetITStatus                       0x0800084c   Section        0  stm32f4xx_dcmi.o(i.DCMI_GetITStatus)
    i.DCMI_IRQHandler                        0x08000868   Section        0  stm32f4xx_it.o(i.DCMI_IRQHandler)
    i.DCMI_ITConfig                          0x0800089c   Section        0  stm32f4xx_dcmi.o(i.DCMI_ITConfig)
    i.DCMI_Init                              0x080008c0   Section        0  stm32f4xx_dcmi.o(i.DCMI_Init)
    i.DMA2D_DeInit                           0x08000900   Section        0  stm32f4xx_dma2d.o(i.DMA2D_DeInit)
    i.DMA2D_GetFlagStatus                    0x08000918   Section        0  stm32f4xx_dma2d.o(i.DMA2D_GetFlagStatus)
    i.DMA2D_Init                             0x08000930   Section        0  stm32f4xx_dma2d.o(i.DMA2D_Init)
    i.DMA2D_StartTransfer                    0x08000a14   Section        0  stm32f4xx_dma2d.o(i.DMA2D_StartTransfer)
    i.DMA2_Stream0_IRQHandler                0x08000a28   Section        0  stm32f4xx_it.o(i.DMA2_Stream0_IRQHandler)
    i.DMA2_Stream1_IRQHandler                0x08000a6c   Section        0  stm32f4xx_it.o(i.DMA2_Stream1_IRQHandler)
    i.DMA2_Stream3_IRQHandler                0x08000ae8   Section        0  bsp_sdio_sd.o(i.DMA2_Stream3_IRQHandler)
    i.DMA_ClearFlag                          0x08000af0   Section        0  stm32f4xx_dma.o(i.DMA_ClearFlag)
    i.DMA_ClearITPendingBit                  0x08000b24   Section        0  stm32f4xx_dma.o(i.DMA_ClearITPendingBit)
    i.DMA_Cmd                                0x08000b58   Section        0  stm32f4xx_dma.o(i.DMA_Cmd)
    i.DMA_DeInit                             0x08000b70   Section        0  stm32f4xx_dma.o(i.DMA_DeInit)
    i.DMA_GetCmdStatus                       0x08000cc8   Section        0  stm32f4xx_dma.o(i.DMA_GetCmdStatus)
    i.DMA_GetITStatus                        0x08000cdc   Section        0  stm32f4xx_dma.o(i.DMA_GetITStatus)
    i.DMA_ITConfig                           0x08000d40   Section        0  stm32f4xx_dma.o(i.DMA_ITConfig)
    i.DMA_Init                               0x08000d7c   Section        0  stm32f4xx_dma.o(i.DMA_Init)
    i.DebugMon_Handler                       0x08000dd4   Section        0  stm32f4xx_it.o(i.DebugMon_Handler)
    i.Debug_USART_Config                     0x08000dd8   Section        0  bsp_debug_usart.o(i.Debug_USART_Config)
    i.Delay_ms                               0x08000e80   Section        0  bsp_systick.o(i.Delay_ms)
    i.Dilation                               0x08000e98   Section        0  proess.o(i.Dilation)
    i.EXTI15_10_IRQHandler                   0x08000fa4   Section        0  stm32f4xx_it.o(i.EXTI15_10_IRQHandler)
    i.EXTI_ClearITPendingBit                 0x08000fc4   Section        0  stm32f4xx_exti.o(i.EXTI_ClearITPendingBit)
    i.EXTI_GetITStatus                       0x08000fd0   Section        0  stm32f4xx_exti.o(i.EXTI_GetITStatus)
    i.EXTI_Init                              0x08000fe8   Section        0  stm32f4xx_exti.o(i.EXTI_Init)
    i.EXTI_Key_Config                        0x0800107c   Section        0  bsp_exti.o(i.EXTI_Key_Config)
    i.Erodation                              0x080010d8   Section        0  proess.o(i.Erodation)
    i.FMC_GetFlagStatus                      0x080011d8   Section        0  stm32f4xx_fmc.o(i.FMC_GetFlagStatus)
    i.FMC_SDRAMCmdConfig                     0x08001220   Section        0  stm32f4xx_fmc.o(i.FMC_SDRAMCmdConfig)
    i.FMC_SDRAMInit                          0x08001240   Section        0  stm32f4xx_fmc.o(i.FMC_SDRAMInit)
    i.FMC_SetRefreshCount                    0x08001384   Section        0  stm32f4xx_fmc.o(i.FMC_SetRefreshCount)
    i.GPIO_Init                              0x0800139c   Section        0  stm32f4xx_gpio.o(i.GPIO_Init)
    i.GPIO_PinAFConfig                       0x0800142c   Section        0  stm32f4xx_gpio.o(i.GPIO_PinAFConfig)
    i.GPIO_ResetBits                         0x08001472   Section        0  stm32f4xx_gpio.o(i.GPIO_ResetBits)
    i.GPIO_SetBits                           0x08001476   Section        0  stm32f4xx_gpio.o(i.GPIO_SetBits)
    i.GetGBKCode_from_EXFlash                0x0800147c   Section        0  fonts.o(i.GetGBKCode_from_EXFlash)
    i.HardFault_Handler                      0x080014d4   Section        0  stm32f4xx_it.o(i.HardFault_Handler)
    i.I2C_AcknowledgeConfig                  0x080014d8   Section        0  stm32f4xx_i2c.o(i.I2C_AcknowledgeConfig)
    i.I2C_CheckEvent                         0x080014f0   Section        0  stm32f4xx_i2c.o(i.I2C_CheckEvent)
    i.I2C_Cmd                                0x0800151a   Section        0  stm32f4xx_i2c.o(i.I2C_Cmd)
    i.I2C_DeInit                             0x08001534   Section        0  stm32f4xx_i2c.o(i.I2C_DeInit)
    i.I2C_GenerateSTART                      0x08001594   Section        0  stm32f4xx_i2c.o(i.I2C_GenerateSTART)
    i.I2C_GenerateSTOP                       0x080015ac   Section        0  stm32f4xx_i2c.o(i.I2C_GenerateSTOP)
    i.I2C_Init                               0x080015c4   Section        0  stm32f4xx_i2c.o(i.I2C_Init)
    i.I2C_ReceiveData                        0x080016ac   Section        0  stm32f4xx_i2c.o(i.I2C_ReceiveData)
    i.I2C_Send7bitAddress                    0x080016b4   Section        0  stm32f4xx_i2c.o(i.I2C_Send7bitAddress)
    i.I2C_SendData                           0x080016c4   Section        0  stm32f4xx_i2c.o(i.I2C_SendData)
    i.LCD_Clear                              0x080016c8   Section        0  bsp_lcd.o(i.LCD_Clear)
    i.LCD_ClearLine                          0x08001754   Section        0  bsp_lcd.o(i.LCD_ClearLine)
    i.LCD_DispChar_CH                        0x08001790   Section        0  bsp_lcd.o(i.LCD_DispChar_CH)
    i.LCD_DisplayChar                        0x0800183c   Section        0  bsp_lcd.o(i.LCD_DisplayChar)
    i.LCD_DisplayStringLine_EN_CH            0x0800186c   Section        0  bsp_lcd.o(i.LCD_DisplayStringLine_EN_CH)
    i.LCD_DrawChar                           0x080018ec   Section        0  bsp_lcd.o(i.LCD_DrawChar)
    i.LCD_DrawLine                           0x080019c8   Section        0  bsp_lcd.o(i.LCD_DrawLine)
    i.LCD_DrawRect                           0x08001a74   Section        0  bsp_lcd.o(i.LCD_DrawRect)
    i.LCD_GPIO_Config                        0x08001ab8   Section        0  bsp_lcd.o(i.LCD_GPIO_Config)
    LCD_GPIO_Config                          0x08001ab9   Thumb Code   740  bsp_lcd.o(i.LCD_GPIO_Config)
    i.LCD_GetFont                            0x08001dc0   Section        0  bsp_lcd.o(i.LCD_GetFont)
    i.LCD_Init                               0x08001dcc   Section        0  bsp_lcd.o(i.LCD_Init)
    i.LCD_LayerInit                          0x08001e50   Section        0  bsp_lcd.o(i.LCD_LayerInit)
    i.LCD_SetColors                          0x08001ef8   Section        0  bsp_lcd.o(i.LCD_SetColors)
    i.LCD_SetFont                            0x08001f0c   Section        0  bsp_lcd.o(i.LCD_SetFont)
    i.LCD_SetLayer                           0x08001f18   Section        0  bsp_lcd.o(i.LCD_SetLayer)
    i.LCD_SetTextColor                       0x08001f44   Section        0  bsp_lcd.o(i.LCD_SetTextColor)
    i.LCD_SetTransparency                    0x08001f50   Section        0  bsp_lcd.o(i.LCD_SetTransparency)
    i.LTDC_Cmd                               0x08001f80   Section        0  stm32f4xx_ltdc.o(i.LTDC_Cmd)
    i.LTDC_DitherCmd                         0x08001fa4   Section        0  stm32f4xx_ltdc.o(i.LTDC_DitherCmd)
    i.LTDC_Init                              0x08001fc8   Section        0  stm32f4xx_ltdc.o(i.LTDC_Init)
    i.LTDC_LayerAlpha                        0x08002150   Section        0  stm32f4xx_ltdc.o(i.LTDC_LayerAlpha)
    i.LTDC_LayerCmd                          0x08002154   Section        0  stm32f4xx_ltdc.o(i.LTDC_LayerCmd)
    i.LTDC_LayerInit                         0x0800216a   Section        0  stm32f4xx_ltdc.o(i.LTDC_LayerInit)
    i.LTDC_ReloadConfig                      0x08002280   Section        0  stm32f4xx_ltdc.o(i.LTDC_ReloadConfig)
    i.MeanFilterOper                         0x0800228c   Section        0  proess.o(i.MeanFilterOper)
    i.MemManage_Handler                      0x0800246c   Section        0  stm32f4xx_it.o(i.MemManage_Handler)
    i.NMI_Handler                            0x08002470   Section        0  stm32f4xx_it.o(i.NMI_Handler)
    i.NVIC_Configuration                     0x08002472   Section        0  bsp_debug_usart.o(i.NVIC_Configuration)
    NVIC_Configuration                       0x08002473   Thumb Code    38  bsp_debug_usart.o(i.NVIC_Configuration)
    i.NVIC_Configuration                     0x08002498   Section        0  bsp_exti.o(i.NVIC_Configuration)
    NVIC_Configuration                       0x08002499   Thumb Code    40  bsp_exti.o(i.NVIC_Configuration)
    i.NVIC_Init                              0x080024c0   Section        0  misc.o(i.NVIC_Init)
    i.NVIC_PriorityGroupConfig               0x08002538   Section        0  misc.o(i.NVIC_PriorityGroupConfig)
    i.OV2640_BrightnessConfig                0x0800254c   Section        0  bsp_ov2640.o(i.OV2640_BrightnessConfig)
    i.OV2640_DCMI_Init                       0x08002582   Section        0  bsp_ov2640.o(i.OV2640_DCMI_Init)
    i.OV2640_DMAlcdtov_Config                0x080025b8   Section        0  bsp_ov2640.o(i.OV2640_DMAlcdtov_Config)
    i.OV2640_DMAtolcd_Config                 0x08002638   Section        0  bsp_ov2640.o(i.OV2640_DMAtolcd_Config)
    i.OV2640_HW_Init                         0x080026f0   Section        0  bsp_ov2640.o(i.OV2640_HW_Init)
    i.OV2640_NVIT_Config                     0x080028e4   Section        0  bsp_ov2640.o(i.OV2640_NVIT_Config)
    i.OV2640_OutSize_Set                     0x08002914   Section        0  bsp_ov2640.o(i.OV2640_OutSize_Set)
    i.OV2640_ReadID                          0x080029a4   Section        0  bsp_ov2640.o(i.OV2640_ReadID)
    i.OV2640_ReadReg                         0x080029d4   Section        0  bsp_ov2640.o(i.OV2640_ReadReg)
    i.OV2640_Reset                           0x08002afc   Section        0  bsp_ov2640.o(i.OV2640_Reset)
    i.OV2640_UXGAConfig                      0x08002b10   Section        0  bsp_ov2640.o(i.OV2640_UXGAConfig)
    i.OV2640_WriteReg                        0x08002b8c   Section        0  bsp_ov2640.o(i.OV2640_WriteReg)
    i.PendSV_Handler                         0x08002c4c   Section        0  stm32f4xx_it.o(i.PendSV_Handler)
    i.RCC_AHB1PeriphClockCmd                 0x08002c50   Section        0  stm32f4xx_rcc.o(i.RCC_AHB1PeriphClockCmd)
    i.RCC_AHB1PeriphResetCmd                 0x08002c70   Section        0  stm32f4xx_rcc.o(i.RCC_AHB1PeriphResetCmd)
    i.RCC_AHB2PeriphClockCmd                 0x08002c90   Section        0  stm32f4xx_rcc.o(i.RCC_AHB2PeriphClockCmd)
    i.RCC_AHB3PeriphClockCmd                 0x08002cb0   Section        0  stm32f4xx_rcc.o(i.RCC_AHB3PeriphClockCmd)
    i.RCC_APB1PeriphClockCmd                 0x08002cd0   Section        0  stm32f4xx_rcc.o(i.RCC_APB1PeriphClockCmd)
    i.RCC_APB1PeriphResetCmd                 0x08002cf0   Section        0  stm32f4xx_rcc.o(i.RCC_APB1PeriphResetCmd)
    i.RCC_APB2PeriphClockCmd                 0x08002d10   Section        0  stm32f4xx_rcc.o(i.RCC_APB2PeriphClockCmd)
    i.RCC_GetClocksFreq                      0x08002d30   Section        0  stm32f4xx_rcc.o(i.RCC_GetClocksFreq)
    i.RCC_GetFlagStatus                      0x08002e18   Section        0  stm32f4xx_rcc.o(i.RCC_GetFlagStatus)
    i.RCC_LTDCCLKDivConfig                   0x08002e58   Section        0  stm32f4xx_rcc.o(i.RCC_LTDCCLKDivConfig)
    i.RCC_PLLSAICmd                          0x08002e70   Section        0  stm32f4xx_rcc.o(i.RCC_PLLSAICmd)
    i.RCC_PLLSAIConfig                       0x08002e7c   Section        0  stm32f4xx_rcc.o(i.RCC_PLLSAIConfig)
    i.RGB565_to_Gray                         0x08002e94   Section        0  proess.o(i.RGB565_to_Gray)
    i.SDIO_ClearITPendingBit                 0x08002ecc   Section        0  stm32f4xx_sdio.o(i.SDIO_ClearITPendingBit)
    i.SDIO_GetITStatus                       0x08002ed8   Section        0  stm32f4xx_sdio.o(i.SDIO_GetITStatus)
    i.SDIO_IRQHandler                        0x08002ef0   Section        0  bsp_sdio_sd.o(i.SDIO_IRQHandler)
    i.SDIO_ITConfig                          0x08002ef8   Section        0  stm32f4xx_sdio.o(i.SDIO_ITConfig)
    i.SDRAM_GPIO_Config                      0x08002f18   Section        0  bsp_sdram.o(i.SDRAM_GPIO_Config)
    SDRAM_GPIO_Config                        0x08002f19   Thumb Code   908  bsp_sdram.o(i.SDRAM_GPIO_Config)
    i.SDRAM_Init                             0x080032bc   Section        0  bsp_sdram.o(i.SDRAM_Init)
    i.SDRAM_InitSequence                     0x08003322   Section        0  bsp_sdram.o(i.SDRAM_InitSequence)
    SDRAM_InitSequence                       0x08003323   Thumb Code   200  bsp_sdram.o(i.SDRAM_InitSequence)
    i.SDRAM_delay                            0x080033ec   Section        0  bsp_sdram.o(i.SDRAM_delay)
    SDRAM_delay                              0x080033ed   Thumb Code    32  bsp_sdram.o(i.SDRAM_delay)
    i.SD_ProcessDMAIRQ                       0x08003410   Section        0  bsp_sdio_sd.o(i.SD_ProcessDMAIRQ)
    i.SD_ProcessIRQSrc                       0x08003438   Section        0  bsp_sdio_sd.o(i.SD_ProcessIRQSrc)
    i.SPI_Cmd                                0x080034e4   Section        0  stm32f4xx_spi.o(i.SPI_Cmd)
    i.SPI_FLASH_BufferRead                   0x080034fc   Section        0  bsp_spi_flash.o(i.SPI_FLASH_BufferRead)
    i.SPI_FLASH_Init                         0x0800354c   Section        0  bsp_spi_flash.o(i.SPI_FLASH_Init)
    i.SPI_FLASH_SendByte                     0x08003630   Section        0  bsp_spi_flash.o(i.SPI_FLASH_SendByte)
    i.SPI_I2S_GetFlagStatus                  0x080036a8   Section        0  stm32f4xx_spi.o(i.SPI_I2S_GetFlagStatus)
    i.SPI_I2S_ReceiveData                    0x080036ba   Section        0  stm32f4xx_spi.o(i.SPI_I2S_ReceiveData)
    i.SPI_I2S_SendData                       0x080036c0   Section        0  stm32f4xx_spi.o(i.SPI_I2S_SendData)
    i.SPI_Init                               0x080036c4   Section        0  stm32f4xx_spi.o(i.SPI_Init)
    i.SPI_TIMEOUT_UserCallback               0x08003700   Section        0  bsp_spi_flash.o(i.SPI_TIMEOUT_UserCallback)
    SPI_TIMEOUT_UserCallback                 0x08003701   Thumb Code    16  bsp_spi_flash.o(i.SPI_TIMEOUT_UserCallback)
    i.SVC_Handler                            0x08003740   Section        0  stm32f4xx_it.o(i.SVC_Handler)
    i.SYSCFG_EXTILineConfig                  0x08003744   Section        0  stm32f4xx_syscfg.o(i.SYSCFG_EXTILineConfig)
    i.SetSysClock                            0x08003784   Section        0  system_stm32f4xx.o(i.SetSysClock)
    SetSysClock                              0x08003785   Thumb Code   272  system_stm32f4xx.o(i.SetSysClock)
    i.SysTick_Handler                        0x080038a4   Section        0  stm32f4xx_it.o(i.SysTick_Handler)
    i.SysTick_Init                           0x080038d4   Section        0  bsp_systick.o(i.SysTick_Init)
    i.SystemInit                             0x0800393c   Section        0  system_stm32f4xx.o(i.SystemInit)
    i.TimingDelay_Decrement                  0x080039a4   Section        0  bsp_systick.o(i.TimingDelay_Decrement)
    i.USART1_IRQHandler                      0x080039bc   Section        0  stm32f4xx_it.o(i.USART1_IRQHandler)
    i.USART2_IRQHandler                      0x080039e0   Section        0  stm32f4xx_it.o(i.USART2_IRQHandler)
    i.USART_Cmd                              0x08003a04   Section        0  stm32f4xx_usart.o(i.USART_Cmd)
    i.USART_GetFlagStatus                    0x08003a1c   Section        0  stm32f4xx_usart.o(i.USART_GetFlagStatus)
    i.USART_GetITStatus                      0x08003a36   Section        0  stm32f4xx_usart.o(i.USART_GetITStatus)
    i.USART_ITConfig                         0x08003a8a   Section        0  stm32f4xx_usart.o(i.USART_ITConfig)
    i.USART_Init                             0x08003ad4   Section        0  stm32f4xx_usart.o(i.USART_Init)
    i.USART_ReceiveData                      0x08003ba8   Section        0  stm32f4xx_usart.o(i.USART_ReceiveData)
    i.USART_SendData                         0x08003bb2   Section        0  stm32f4xx_usart.o(i.USART_SendData)
    i.UsageFault_Handler                     0x08003bba   Section        0  stm32f4xx_it.o(i.UsageFault_Handler)
    i.Usart_SendHalfWord                     0x08003bbe   Section        0  bsp_debug_usart.o(i.Usart_SendHalfWord)
    i.__0printf                              0x08003bfc   Section        0  printfa.o(i.__0printf)
    i.__0sprintf                             0x08003c1c   Section        0  printfa.o(i.__0sprintf)
    i.__scatterload_copy                     0x08003c44   Section       14  handlers.o(i.__scatterload_copy)
    i.__scatterload_null                     0x08003c52   Section        2  handlers.o(i.__scatterload_null)
    i.__scatterload_zeroinit                 0x08003c54   Section       14  handlers.o(i.__scatterload_zeroinit)
    i._fp_digits                             0x08003c64   Section        0  printfa.o(i._fp_digits)
    _fp_digits                               0x08003c65   Thumb Code   334  printfa.o(i._fp_digits)
    i._printf_core                           0x08003dc8   Section        0  printfa.o(i._printf_core)
    _printf_core                             0x08003dc9   Thumb Code  1744  printfa.o(i._printf_core)
    i._printf_post_padding                   0x080044a4   Section        0  printfa.o(i._printf_post_padding)
    _printf_post_padding                     0x080044a5   Thumb Code    36  printfa.o(i._printf_post_padding)
    i._printf_pre_padding                    0x080044c8   Section        0  printfa.o(i._printf_pre_padding)
    _printf_pre_padding                      0x080044c9   Thumb Code    46  printfa.o(i._printf_pre_padding)
    i._sputc                                 0x080044f6   Section        0  printfa.o(i._sputc)
    _sputc                                   0x080044f7   Thumb Code    10  printfa.o(i._sputc)
    i.distance                               0x08004500   Section        0  proess.o(i.distance)
    i.fputc                                  0x08004550   Section        0  bsp_debug_usart.o(i.fputc)
    i.get_newimage                           0x08004574   Section        0  proess.o(i.get_newimage)
    i.main                                   0x080048a0   Section        0  main.o(i.main)
    i.otsuThreshold                          0x08004bd0   Section        0  proess.o(i.otsuThreshold)
    i.point                                  0x08004e38   Section        0  proess.o(i.point)
    .constdata                               0x08004ed8   Section    10704  fonts.o(.constdata)
    .constdata                               0x080078a8   Section     2156  bsp_ov2640.o(.constdata)
    .constdata                               0x08008114   Section       72  proess.o(.constdata)
    .data                                    0x20000000   Section       20  system_stm32f4xx.o(.data)
    .data                                    0x20000014   Section       16  stm32f4xx_rcc.o(.data)
    APBAHBPrescTable                         0x20000014   Data          16  stm32f4xx_rcc.o(.data)
    .data                                    0x20000024   Section       36  main.o(.data)
    .data                                    0x20000048   Section        8  stm32f4xx_it.o(.data)
    line_num                                 0x20000048   Data           2  stm32f4xx_it.o(.data)
    .data                                    0x20000050   Section       16  bsp_lcd.o(.data)
    LCD_Currentfonts                         0x20000050   Data           4  bsp_lcd.o(.data)
    CurrentTextColor                         0x20000054   Data           2  bsp_lcd.o(.data)
    CurrentBackColor                         0x20000056   Data           2  bsp_lcd.o(.data)
    CurrentFrameBuffer                       0x20000058   Data           4  bsp_lcd.o(.data)
    CurrentLayer                             0x2000005c   Data           4  bsp_lcd.o(.data)
    .data                                    0x20000060   Section       33  fonts.o(.data)
    everRead                                 0x20000080   Data           1  fonts.o(.data)
    .data                                    0x20000082   Section        8  bsp_ov2640.o(.data)
    .data                                    0x2000008c   Section        4  bsp_spi_flash.o(.data)
    SPITimeout                               0x2000008c   Data           4  bsp_spi_flash.o(.data)
    .data                                    0x20000090   Section        4  bsp_systick.o(.data)
    TimingDelay                              0x20000090   Data           4  bsp_systick.o(.data)
    .data                                    0x20000094   Section      101  bsp_sdio_sd.o(.data)
    CardType                                 0x20000094   Data           4  bsp_sdio_sd.o(.data)
    RCA                                      0x20000098   Data           4  bsp_sdio_sd.o(.data)
    .data                                    0x200000fc   Section        4  stdout.o(.data)
    .bss                                     0x20000100   Section      112  main.o(.bss)
    STACK                                    0x20000170   Section     1024  startup_stm32f429_439xx.o(STACK)
    .ARM.__AT_0xD0200000                     0xd0200000   Section    768000  proess.o(.ARM.__AT_0xD0200000)
    .ARM.__AT_0xD0300000                     0xd0300000   Section    768000  proess.o(.ARM.__AT_0xD0300000)
    .ARM.__AT_0xD0400000                     0xd0400000   Section    768000  proess.o(.ARM.__AT_0xD0400000)
    .ARM.__AT_0xD0500000                     0xd0500000   Section    768000  proess.o(.ARM.__AT_0xD0500000)
    .ARM.__AT_0xD0600000                     0xd0600000   Section    335880  proess.o(.ARM.__AT_0xD0600000)

    Global Symbols

    Symbol Name                              Value     Ov Type        Size  Object(Section)

    BuildAttributes$$THM_ISAv4$E$P$D$K$B$S$7EM$VFPi3$EXTD16$VFPS$VFMA$PE$A:L22UL41UL21$X:L11$S22US41US21$IEEE1$IW$USESV6$~STKCKD$USESV7$~SHL$OTIME$ROPI$IEEEX$EBA8$MICROLIB$REQ8$PRES8$EABIv2 0x00000000   Number         0  anon$$obj.o ABSOLUTE
    __ARM_use_no_argv                        0x00000000   Number         0  main.o ABSOLUTE
    _printf_a                                0x00000000   Number         0  stubs.o ABSOLUTE
    _printf_c                                0x00000000   Number         0  stubs.o ABSOLUTE
    _printf_charcount                        0x00000000   Number         0  stubs.o ABSOLUTE
    _printf_d                                0x00000000   Number         0  stubs.o ABSOLUTE
    _printf_e                                0x00000000   Number         0  stubs.o ABSOLUTE
    _printf_f                                0x00000000   Number         0  stubs.o ABSOLUTE
    _printf_flags                            0x00000000   Number         0  stubs.o ABSOLUTE
    _printf_fp_dec                           0x00000000   Number         0  stubs.o ABSOLUTE
    _printf_fp_hex                           0x00000000   Number         0  stubs.o ABSOLUTE
    _printf_g                                0x00000000   Number         0  stubs.o ABSOLUTE
    _printf_i                                0x00000000   Number         0  stubs.o ABSOLUTE
    _printf_int_dec                          0x00000000   Number         0  stubs.o ABSOLUTE
    _printf_l                                0x00000000   Number         0  stubs.o ABSOLUTE
    _printf_lc                               0x00000000   Number         0  stubs.o ABSOLUTE
    _printf_ll                               0x00000000   Number         0  stubs.o ABSOLUTE
    _printf_lld                              0x00000000   Number         0  stubs.o ABSOLUTE
    _printf_lli                              0x00000000   Number         0  stubs.o ABSOLUTE
    _printf_llo                              0x00000000   Number         0  stubs.o ABSOLUTE
    _printf_llu                              0x00000000   Number         0  stubs.o ABSOLUTE
    _printf_llx                              0x00000000   Number         0  stubs.o ABSOLUTE
    _printf_longlong_dec                     0x00000000   Number         0  stubs.o ABSOLUTE
    _printf_longlong_hex                     0x00000000   Number         0  stubs.o ABSOLUTE
    _printf_longlong_oct                     0x00000000   Number         0  stubs.o ABSOLUTE
    _printf_ls                               0x00000000   Number         0  stubs.o ABSOLUTE
    _printf_mbtowc                           0x00000000   Number         0  stubs.o ABSOLUTE
    _printf_n                                0x00000000   Number         0  stubs.o ABSOLUTE
    _printf_o                                0x00000000   Number         0  stubs.o ABSOLUTE
    _printf_p                                0x00000000   Number         0  stubs.o ABSOLUTE
    _printf_percent                          0x00000000   Number         0  stubs.o ABSOLUTE
    _printf_pre_padding                      0x00000000   Number         0  stubs.o ABSOLUTE
    _printf_return_value                     0x00000000   Number         0  stubs.o ABSOLUTE
    _printf_s                                0x00000000   Number         0  stubs.o ABSOLUTE
    _printf_sizespec                         0x00000000   Number         0  stubs.o ABSOLUTE
    _printf_str                              0x00000000   Number         0  stubs.o ABSOLUTE
    _printf_truncate_signed                  0x00000000   Number         0  stubs.o ABSOLUTE
    _printf_truncate_unsigned                0x00000000   Number         0  stubs.o ABSOLUTE
    _printf_u                                0x00000000   Number         0  stubs.o ABSOLUTE
    _printf_wc                               0x00000000   Number         0  stubs.o ABSOLUTE
    _printf_wctomb                           0x00000000   Number         0  stubs.o ABSOLUTE
    _printf_widthprec                        0x00000000   Number         0  stubs.o ABSOLUTE
    _printf_x                                0x00000000   Number         0  stubs.o ABSOLUTE
    __cpp_initialize__aeabi_                  - Undefined Weak Reference
    __cxa_finalize                            - Undefined Weak Reference
    __decompress                              - Undefined Weak Reference
    _clock_init                               - Undefined Weak Reference
    _microlib_exit                            - Undefined Weak Reference
    __Vectors_Size                           0x000001ac   Number         0  startup_stm32f429_439xx.o ABSOLUTE
    __Vectors                                0x08000000   Data           4  startup_stm32f429_439xx.o(RESET)
    __Vectors_End                            0x080001ac   Data           0  startup_stm32f429_439xx.o(RESET)
    __main                                   0x080001ad   Thumb Code     0  entry.o(.ARM.Collect$$$$00000000)
    _main_stk                                0x080001ad   Thumb Code     0  entry2.o(.ARM.Collect$$$$00000001)
    _main_scatterload                        0x080001b1   Thumb Code     0  entry5.o(.ARM.Collect$$$$00000004)
    __main_after_scatterload                 0x080001b5   Thumb Code     0  entry5.o(.ARM.Collect$$$$00000004)
    _main_clock                              0x080001b5   Thumb Code     0  entry7b.o(.ARM.Collect$$$$00000008)
    _main_cpp_init                           0x080001b5   Thumb Code     0  entry8b.o(.ARM.Collect$$$$0000000A)
    _main_init                               0x080001b5   Thumb Code     0  entry9a.o(.ARM.Collect$$$$0000000B)
    __rt_final_cpp                           0x080001bd   Thumb Code     0  entry10a.o(.ARM.Collect$$$$0000000D)
    __rt_final_exit                          0x080001bd   Thumb Code     0  entry11a.o(.ARM.Collect$$$$0000000F)
    Reset_Handler                            0x080001c1   Thumb Code     8  startup_stm32f429_439xx.o(.text)
    ADC_IRQHandler                           0x080001db   Thumb Code     0  startup_stm32f429_439xx.o(.text)
    CAN1_RX0_IRQHandler                      0x080001db   Thumb Code     0  startup_stm32f429_439xx.o(.text)
    CAN1_RX1_IRQHandler                      0x080001db   Thumb Code     0  startup_stm32f429_439xx.o(.text)
    CAN1_SCE_IRQHandler                      0x080001db   Thumb Code     0  startup_stm32f429_439xx.o(.text)
    CAN1_TX_IRQHandler                       0x080001db   Thumb Code     0  startup_stm32f429_439xx.o(.text)
    CAN2_RX0_IRQHandler                      0x080001db   Thumb Code     0  startup_stm32f429_439xx.o(.text)
    CAN2_RX1_IRQHandler                      0x080001db   Thumb Code     0  startup_stm32f429_439xx.o(.text)
    CAN2_SCE_IRQHandler                      0x080001db   Thumb Code     0  startup_stm32f429_439xx.o(.text)
    CAN2_TX_IRQHandler                       0x080001db   Thumb Code     0  startup_stm32f429_439xx.o(.text)
    CRYP_IRQHandler                          0x080001db   Thumb Code     0  startup_stm32f429_439xx.o(.text)
    DMA1_Stream0_IRQHandler                  0x080001db   Thumb Code     0  startup_stm32f429_439xx.o(.text)
    DMA1_Stream1_IRQHandler                  0x080001db   Thumb Code     0  startup_stm32f429_439xx.o(.text)
    DMA1_Stream2_IRQHandler                  0x080001db   Thumb Code     0  startup_stm32f429_439xx.o(.text)
    DMA1_Stream3_IRQHandler                  0x080001db   Thumb Code     0  startup_stm32f429_439xx.o(.text)
    DMA1_Stream4_IRQHandler                  0x080001db   Thumb Code     0  startup_stm32f429_439xx.o(.text)
    DMA1_Stream5_IRQHandler                  0x080001db   Thumb Code     0  startup_stm32f429_439xx.o(.text)
    DMA1_Stream6_IRQHandler                  0x080001db   Thumb Code     0  startup_stm32f429_439xx.o(.text)
    DMA1_Stream7_IRQHandler                  0x080001db   Thumb Code     0  startup_stm32f429_439xx.o(.text)
    DMA2D_IRQHandler                         0x080001db   Thumb Code     0  startup_stm32f429_439xx.o(.text)
    DMA2_Stream2_IRQHandler                  0x080001db   Thumb Code     0  startup_stm32f429_439xx.o(.text)
    DMA2_Stream4_IRQHandler                  0x080001db   Thumb Code     0  startup_stm32f429_439xx.o(.text)
    DMA2_Stream5_IRQHandler                  0x080001db   Thumb Code     0  startup_stm32f429_439xx.o(.text)
    DMA2_Stream6_IRQHandler                  0x080001db   Thumb Code     0  startup_stm32f429_439xx.o(.text)
    DMA2_Stream7_IRQHandler                  0x080001db   Thumb Code     0  startup_stm32f429_439xx.o(.text)
    ETH_IRQHandler                           0x080001db   Thumb Code     0  startup_stm32f429_439xx.o(.text)
    ETH_WKUP_IRQHandler                      0x080001db   Thumb Code     0  startup_stm32f429_439xx.o(.text)
    EXTI0_IRQHandler                         0x080001db   Thumb Code     0  startup_stm32f429_439xx.o(.text)
    EXTI1_IRQHandler                         0x080001db   Thumb Code     0  startup_stm32f429_439xx.o(.text)
    EXTI2_IRQHandler                         0x080001db   Thumb Code     0  startup_stm32f429_439xx.o(.text)
    EXTI3_IRQHandler                         0x080001db   Thumb Code     0  startup_stm32f429_439xx.o(.text)
    EXTI4_IRQHandler                         0x080001db   Thumb Code     0  startup_stm32f429_439xx.o(.text)
    EXTI9_5_IRQHandler                       0x080001db   Thumb Code     0  startup_stm32f429_439xx.o(.text)
    FLASH_IRQHandler                         0x080001db   Thumb Code     0  startup_stm32f429_439xx.o(.text)
    FMC_IRQHandler                           0x080001db   Thumb Code     0  startup_stm32f429_439xx.o(.text)
    FPU_IRQHandler                           0x080001db   Thumb Code     0  startup_stm32f429_439xx.o(.text)
    HASH_RNG_IRQHandler                      0x080001db   Thumb Code     0  startup_stm32f429_439xx.o(.text)
    I2C1_ER_IRQHandler                       0x080001db   Thumb Code     0  startup_stm32f429_439xx.o(.text)
    I2C1_EV_IRQHandler                       0x080001db   Thumb Code     0  startup_stm32f429_439xx.o(.text)
    I2C2_ER_IRQHandler                       0x080001db   Thumb Code     0  startup_stm32f429_439xx.o(.text)
    I2C2_EV_IRQHandler                       0x080001db   Thumb Code     0  startup_stm32f429_439xx.o(.text)
    I2C3_ER_IRQHandler                       0x080001db   Thumb Code     0  startup_stm32f429_439xx.o(.text)
    I2C3_EV_IRQHandler                       0x080001db   Thumb Code     0  startup_stm32f429_439xx.o(.text)
    LTDC_ER_IRQHandler                       0x080001db   Thumb Code     0  startup_stm32f429_439xx.o(.text)
    LTDC_IRQHandler                          0x080001db   Thumb Code     0  startup_stm32f429_439xx.o(.text)
    OTG_FS_IRQHandler                        0x080001db   Thumb Code     0  startup_stm32f429_439xx.o(.text)
    OTG_FS_WKUP_IRQHandler                   0x080001db   Thumb Code     0  startup_stm32f429_439xx.o(.text)
    OTG_HS_EP1_IN_IRQHandler                 0x080001db   Thumb Code     0  startup_stm32f429_439xx.o(.text)
    OTG_HS_EP1_OUT_IRQHandler                0x080001db   Thumb Code     0  startup_stm32f429_439xx.o(.text)
    OTG_HS_IRQHandler                        0x080001db   Thumb Code     0  startup_stm32f429_439xx.o(.text)
    OTG_HS_WKUP_IRQHandler                   0x080001db   Thumb Code     0  startup_stm32f429_439xx.o(.text)
    PVD_IRQHandler                           0x080001db   Thumb Code     0  startup_stm32f429_439xx.o(.text)
    RCC_IRQHandler                           0x080001db   Thumb Code     0  startup_stm32f429_439xx.o(.text)
    RTC_Alarm_IRQHandler                     0x080001db   Thumb Code     0  startup_stm32f429_439xx.o(.text)
    RTC_WKUP_IRQHandler                      0x080001db   Thumb Code     0  startup_stm32f429_439xx.o(.text)
    SAI1_IRQHandler                          0x080001db   Thumb Code     0  startup_stm32f429_439xx.o(.text)
    SPI1_IRQHandler                          0x080001db   Thumb Code     0  startup_stm32f429_439xx.o(.text)
    SPI2_IRQHandler                          0x080001db   Thumb Code     0  startup_stm32f429_439xx.o(.text)
    SPI3_IRQHandler                          0x080001db   Thumb Code     0  startup_stm32f429_439xx.o(.text)
    SPI4_IRQHandler                          0x080001db   Thumb Code     0  startup_stm32f429_439xx.o(.text)
    SPI5_IRQHandler                          0x080001db   Thumb Code     0  startup_stm32f429_439xx.o(.text)
    SPI6_IRQHandler                          0x080001db   Thumb Code     0  startup_stm32f429_439xx.o(.text)
    TAMP_STAMP_IRQHandler                    0x080001db   Thumb Code     0  startup_stm32f429_439xx.o(.text)
    TIM1_BRK_TIM9_IRQHandler                 0x080001db   Thumb Code     0  startup_stm32f429_439xx.o(.text)
    TIM1_CC_IRQHandler                       0x080001db   Thumb Code     0  startup_stm32f429_439xx.o(.text)
    TIM1_TRG_COM_TIM11_IRQHandler            0x080001db   Thumb Code     0  startup_stm32f429_439xx.o(.text)
    TIM1_UP_TIM10_IRQHandler                 0x080001db   Thumb Code     0  startup_stm32f429_439xx.o(.text)
    TIM2_IRQHandler                          0x080001db   Thumb Code     0  startup_stm32f429_439xx.o(.text)
    TIM3_IRQHandler                          0x080001db   Thumb Code     0  startup_stm32f429_439xx.o(.text)
    TIM4_IRQHandler                          0x080001db   Thumb Code     0  startup_stm32f429_439xx.o(.text)
    TIM5_IRQHandler                          0x080001db   Thumb Code     0  startup_stm32f429_439xx.o(.text)
    TIM6_DAC_IRQHandler                      0x080001db   Thumb Code     0  startup_stm32f429_439xx.o(.text)
    TIM7_IRQHandler                          0x080001db   Thumb Code     0  startup_stm32f429_439xx.o(.text)
    TIM8_BRK_TIM12_IRQHandler                0x080001db   Thumb Code     0  startup_stm32f429_439xx.o(.text)
    TIM8_CC_IRQHandler                       0x080001db   Thumb Code     0  startup_stm32f429_439xx.o(.text)
    TIM8_TRG_COM_TIM14_IRQHandler            0x080001db   Thumb Code     0  startup_stm32f429_439xx.o(.text)
    TIM8_UP_TIM13_IRQHandler                 0x080001db   Thumb Code     0  startup_stm32f429_439xx.o(.text)
    UART4_IRQHandler                         0x080001db   Thumb Code     0  startup_stm32f429_439xx.o(.text)
    UART5_IRQHandler                         0x080001db   Thumb Code     0  startup_stm32f429_439xx.o(.text)
    UART7_IRQHandler                         0x080001db   Thumb Code     0  startup_stm32f429_439xx.o(.text)
    UART8_IRQHandler                         0x080001db   Thumb Code     0  startup_stm32f429_439xx.o(.text)
    USART3_IRQHandler                        0x080001db   Thumb Code     0  startup_stm32f429_439xx.o(.text)
    USART6_IRQHandler                        0x080001db   Thumb Code     0  startup_stm32f429_439xx.o(.text)
    WWDG_IRQHandler                          0x080001db   Thumb Code     0  startup_stm32f429_439xx.o(.text)
    __aeabi_uldivmod                         0x080001e5   Thumb Code    98  uldiv.o(.text)
    __aeabi_dadd                             0x08000247   Thumb Code   322  dadd.o(.text)
    __aeabi_dsub                             0x08000389   Thumb Code     6  dadd.o(.text)
    __aeabi_drsub                            0x0800038f   Thumb Code     6  dadd.o(.text)
    __aeabi_dmul                             0x08000395   Thumb Code   228  dmul.o(.text)
    __aeabi_ddiv                             0x08000479   Thumb Code   222  ddiv.o(.text)
    __aeabi_i2d                              0x08000557   Thumb Code    34  dflti.o(.text)
    __aeabi_ui2d                             0x08000579   Thumb Code    26  dfltui.o(.text)
    __aeabi_f2d                              0x08000593   Thumb Code    38  f2d.o(.text)
    __aeabi_cdcmpeq                          0x080005b9   Thumb Code     0  cdcmple.o(.text)
    __aeabi_cdcmple                          0x080005b9   Thumb Code    48  cdcmple.o(.text)
    __aeabi_cdrcmple                         0x080005e9   Thumb Code    48  cdrcmple.o(.text)
    __aeabi_uidiv                            0x08000619   Thumb Code     0  uidiv.o(.text)
    __aeabi_uidivmod                         0x08000619   Thumb Code    44  uidiv.o(.text)
    __aeabi_llsl                             0x08000645   Thumb Code    30  llshl.o(.text)
    _ll_shift_l                              0x08000645   Thumb Code     0  llshl.o(.text)
    __aeabi_llsr                             0x08000663   Thumb Code    32  llushr.o(.text)
    _ll_ushift_r                             0x08000663   Thumb Code     0  llushr.o(.text)
    __aeabi_lasr                             0x08000683   Thumb Code    36  llsshr.o(.text)
    _ll_sshift_r                             0x08000683   Thumb Code     0  llsshr.o(.text)
    __I$use$fp                               0x080006a7   Thumb Code     0  iusefp.o(.text)
    _double_round                            0x080006a7   Thumb Code    30  depilogue.o(.text)
    _double_epilogue                         0x080006c5   Thumb Code   156  depilogue.o(.text)
    __aeabi_d2ulz                            0x08000761   Thumb Code    48  dfixul.o(.text)
    __scatterload                            0x08000791   Thumb Code    28  init.o(.text)
    __scatterload_rt2                        0x08000791   Thumb Code     0  init.o(.text)
    BusFault_Handler                         0x080007f5   Thumb Code     4  stm32f4xx_it.o(i.BusFault_Handler)
    DCMI_CaptureCmd                          0x080007f9   Thumb Code    30  stm32f4xx_dcmi.o(i.DCMI_CaptureCmd)
    DCMI_ClearITPendingBit                   0x0800081d   Thumb Code     6  stm32f4xx_dcmi.o(i.DCMI_ClearITPendingBit)
    DCMI_Cmd                                 0x08000829   Thumb Code    30  stm32f4xx_dcmi.o(i.DCMI_Cmd)
    DCMI_GetITStatus                         0x0800084d   Thumb Code    24  stm32f4xx_dcmi.o(i.DCMI_GetITStatus)
    DCMI_IRQHandler                          0x08000869   Thumb Code    40  stm32f4xx_it.o(i.DCMI_IRQHandler)
    DCMI_ITConfig                            0x0800089d   Thumb Code    30  stm32f4xx_dcmi.o(i.DCMI_ITConfig)
    DCMI_Init                                0x080008c1   Thumb Code    60  stm32f4xx_dcmi.o(i.DCMI_Init)
    DMA2D_DeInit                             0x08000901   Thumb Code    22  stm32f4xx_dma2d.o(i.DMA2D_DeInit)
    DMA2D_GetFlagStatus                      0x08000919   Thumb Code    20  stm32f4xx_dma2d.o(i.DMA2D_GetFlagStatus)
    DMA2D_Init                               0x08000931   Thumb Code   218  stm32f4xx_dma2d.o(i.DMA2D_Init)
    DMA2D_StartTransfer                      0x08000a15   Thumb Code    14  stm32f4xx_dma2d.o(i.DMA2D_StartTransfer)
    DMA2_Stream0_IRQHandler                  0x08000a29   Thumb Code    52  stm32f4xx_it.o(i.DMA2_Stream0_IRQHandler)
    DMA2_Stream1_IRQHandler                  0x08000a6d   Thumb Code    96  stm32f4xx_it.o(i.DMA2_Stream1_IRQHandler)
    DMA2_Stream3_IRQHandler                  0x08000ae9   Thumb Code     8  bsp_sdio_sd.o(i.DMA2_Stream3_IRQHandler)
    DMA_ClearFlag                            0x08000af1   Thumb Code    38  stm32f4xx_dma.o(i.DMA_ClearFlag)
    DMA_ClearITPendingBit                    0x08000b25   Thumb Code    38  stm32f4xx_dma.o(i.DMA_ClearITPendingBit)
    DMA_Cmd                                  0x08000b59   Thumb Code    22  stm32f4xx_dma.o(i.DMA_Cmd)
    DMA_DeInit                               0x08000b71   Thumb Code   324  stm32f4xx_dma.o(i.DMA_DeInit)
    DMA_GetCmdStatus                         0x08000cc9   Thumb Code    20  stm32f4xx_dma.o(i.DMA_GetCmdStatus)
    DMA_GetITStatus                          0x08000cdd   Thumb Code    82  stm32f4xx_dma.o(i.DMA_GetITStatus)
    DMA_ITConfig                             0x08000d41   Thumb Code    58  stm32f4xx_dma.o(i.DMA_ITConfig)
    DMA_Init                                 0x08000d7d   Thumb Code    82  stm32f4xx_dma.o(i.DMA_Init)
    DebugMon_Handler                         0x08000dd5   Thumb Code     2  stm32f4xx_it.o(i.DebugMon_Handler)
    Debug_USART_Config                       0x08000dd9   Thumb Code   158  bsp_debug_usart.o(i.Debug_USART_Config)
    Delay_ms                                 0x08000e81   Thumb Code    20  bsp_systick.o(i.Delay_ms)
    Dilation                                 0x08000e99   Thumb Code   252  proess.o(i.Dilation)
    EXTI15_10_IRQHandler                     0x08000fa5   Thumb Code    26  stm32f4xx_it.o(i.EXTI15_10_IRQHandler)
    EXTI_ClearITPendingBit                   0x08000fc5   Thumb Code     6  stm32f4xx_exti.o(i.EXTI_ClearITPendingBit)
    EXTI_GetITStatus                         0x08000fd1   Thumb Code    20  stm32f4xx_exti.o(i.EXTI_GetITStatus)
    EXTI_Init                                0x08000fe9   Thumb Code   142  stm32f4xx_exti.o(i.EXTI_Init)
    EXTI_Key_Config                          0x0800107d   Thumb Code    86  bsp_exti.o(i.EXTI_Key_Config)
    Erodation                                0x080010d9   Thumb Code   238  proess.o(i.Erodation)
    FMC_GetFlagStatus                        0x080011d9   Thumb Code    68  stm32f4xx_fmc.o(i.FMC_GetFlagStatus)
    FMC_SDRAMCmdConfig                       0x08001221   Thumb Code    28  stm32f4xx_fmc.o(i.FMC_SDRAMCmdConfig)
    FMC_SDRAMInit                            0x08001241   Thumb Code   318  stm32f4xx_fmc.o(i.FMC_SDRAMInit)
    FMC_SetRefreshCount                      0x08001385   Thumb Code    18  stm32f4xx_fmc.o(i.FMC_SetRefreshCount)
    GPIO_Init                                0x0800139d   Thumb Code   144  stm32f4xx_gpio.o(i.GPIO_Init)
    GPIO_PinAFConfig                         0x0800142d   Thumb Code    70  stm32f4xx_gpio.o(i.GPIO_PinAFConfig)
    GPIO_ResetBits                           0x08001473   Thumb Code     4  stm32f4xx_gpio.o(i.GPIO_ResetBits)
    GPIO_SetBits                             0x08001477   Thumb Code     4  stm32f4xx_gpio.o(i.GPIO_SetBits)
    GetGBKCode_from_EXFlash                  0x0800147d   Thumb Code    84  fonts.o(i.GetGBKCode_from_EXFlash)
    HardFault_Handler                        0x080014d5   Thumb Code     4  stm32f4xx_it.o(i.HardFault_Handler)
    I2C_AcknowledgeConfig                    0x080014d9   Thumb Code    24  stm32f4xx_i2c.o(i.I2C_AcknowledgeConfig)
    I2C_CheckEvent                           0x080014f1   Thumb Code    42  stm32f4xx_i2c.o(i.I2C_CheckEvent)
    I2C_Cmd                                  0x0800151b   Thumb Code    24  stm32f4xx_i2c.o(i.I2C_Cmd)
    I2C_DeInit                               0x08001535   Thumb Code    82  stm32f4xx_i2c.o(i.I2C_DeInit)
    I2C_GenerateSTART                        0x08001595   Thumb Code    24  stm32f4xx_i2c.o(i.I2C_GenerateSTART)
    I2C_GenerateSTOP                         0x080015ad   Thumb Code    24  stm32f4xx_i2c.o(i.I2C_GenerateSTOP)
    I2C_Init                                 0x080015c5   Thumb Code   218  stm32f4xx_i2c.o(i.I2C_Init)
    I2C_ReceiveData                          0x080016ad   Thumb Code     8  stm32f4xx_i2c.o(i.I2C_ReceiveData)
    I2C_Send7bitAddress                      0x080016b5   Thumb Code    16  stm32f4xx_i2c.o(i.I2C_Send7bitAddress)
    I2C_SendData                             0x080016c5   Thumb Code     4  stm32f4xx_i2c.o(i.I2C_SendData)
    LCD_Clear                                0x080016c9   Thumb Code   130  bsp_lcd.o(i.LCD_Clear)
    LCD_ClearLine                            0x08001755   Thumb Code    56  bsp_lcd.o(i.LCD_ClearLine)
    LCD_DispChar_CH                          0x08001791   Thumb Code   158  bsp_lcd.o(i.LCD_DispChar_CH)
    LCD_DisplayChar                          0x0800183d   Thumb Code    42  bsp_lcd.o(i.LCD_DisplayChar)
    LCD_DisplayStringLine_EN_CH              0x0800186d   Thumb Code   124  bsp_lcd.o(i.LCD_DisplayStringLine_EN_CH)
    LCD_DrawChar                             0x080018ed   Thumb Code   202  bsp_lcd.o(i.LCD_DrawChar)
    LCD_DrawLine                             0x080019c9   Thumb Code   162  bsp_lcd.o(i.LCD_DrawLine)
    LCD_DrawRect                             0x08001a75   Thumb Code    68  bsp_lcd.o(i.LCD_DrawRect)
    LCD_GetFont                              0x08001dc1   Thumb Code     6  bsp_lcd.o(i.LCD_GetFont)
    LCD_Init                                 0x08001dcd   Thumb Code   130  bsp_lcd.o(i.LCD_Init)
    LCD_LayerInit                            0x08001e51   Thumb Code   156  bsp_lcd.o(i.LCD_LayerInit)
    LCD_SetColors                            0x08001ef9   Thumb Code    10  bsp_lcd.o(i.LCD_SetColors)
    LCD_SetFont                              0x08001f0d   Thumb Code     6  bsp_lcd.o(i.LCD_SetFont)
    LCD_SetLayer                             0x08001f19   Thumb Code    32  bsp_lcd.o(i.LCD_SetLayer)
    LCD_SetTextColor                         0x08001f45   Thumb Code     6  bsp_lcd.o(i.LCD_SetTextColor)
    LCD_SetTransparency                      0x08001f51   Thumb Code    38  bsp_lcd.o(i.LCD_SetTransparency)
    LTDC_Cmd                                 0x08001f81   Thumb Code    30  stm32f4xx_ltdc.o(i.LTDC_Cmd)
    LTDC_DitherCmd                           0x08001fa5   Thumb Code    30  stm32f4xx_ltdc.o(i.LTDC_DitherCmd)
    LTDC_Init                                0x08001fc9   Thumb Code   378  stm32f4xx_ltdc.o(i.LTDC_Init)
    LTDC_LayerAlpha                          0x08002151   Thumb Code     4  stm32f4xx_ltdc.o(i.LTDC_LayerAlpha)
    LTDC_LayerCmd                            0x08002155   Thumb Code    22  stm32f4xx_ltdc.o(i.LTDC_LayerCmd)
    LTDC_LayerInit                           0x0800216b   Thumb Code   276  stm32f4xx_ltdc.o(i.LTDC_LayerInit)
    LTDC_ReloadConfig                        0x08002281   Thumb Code     6  stm32f4xx_ltdc.o(i.LTDC_ReloadConfig)
    MeanFilterOper                           0x0800228d   Thumb Code   466  proess.o(i.MeanFilterOper)
    MemManage_Handler                        0x0800246d   Thumb Code     4  stm32f4xx_it.o(i.MemManage_Handler)
    NMI_Handler                              0x08002471   Thumb Code     2  stm32f4xx_it.o(i.NMI_Handler)
    NVIC_Init                                0x080024c1   Thumb Code   106  misc.o(i.NVIC_Init)
    NVIC_PriorityGroupConfig                 0x08002539   Thumb Code    10  misc.o(i.NVIC_PriorityGroupConfig)
    OV2640_BrightnessConfig                  0x0800254d   Thumb Code    54  bsp_ov2640.o(i.OV2640_BrightnessConfig)
    OV2640_DCMI_Init                         0x08002583   Thumb Code    54  bsp_ov2640.o(i.OV2640_DCMI_Init)
    OV2640_DMAlcdtov_Config                  0x080025b9   Thumb Code   124  bsp_ov2640.o(i.OV2640_DMAlcdtov_Config)
    OV2640_DMAtolcd_Config                   0x08002639   Thumb Code   176  bsp_ov2640.o(i.OV2640_DMAtolcd_Config)
    OV2640_HW_Init                           0x080026f1   Thumb Code   470  bsp_ov2640.o(i.OV2640_HW_Init)
    OV2640_NVIT_Config                       0x080028e5   Thumb Code    48  bsp_ov2640.o(i.OV2640_NVIT_Config)
    OV2640_OutSize_Set                       0x08002915   Thumb Code   144  bsp_ov2640.o(i.OV2640_OutSize_Set)
    OV2640_ReadID                            0x080029a5   Thumb Code    46  bsp_ov2640.o(i.OV2640_ReadID)
    OV2640_ReadReg                           0x080029d5   Thumb Code   282  bsp_ov2640.o(i.OV2640_ReadReg)
    OV2640_Reset                             0x08002afd   Thumb Code    20  bsp_ov2640.o(i.OV2640_Reset)
    OV2640_UXGAConfig                        0x08002b11   Thumb Code   110  bsp_ov2640.o(i.OV2640_UXGAConfig)
    OV2640_WriteReg                          0x08002b8d   Thumb Code   178  bsp_ov2640.o(i.OV2640_WriteReg)
    PendSV_Handler                           0x08002c4d   Thumb Code     2  stm32f4xx_it.o(i.PendSV_Handler)
    RCC_AHB1PeriphClockCmd                   0x08002c51   Thumb Code    26  stm32f4xx_rcc.o(i.RCC_AHB1PeriphClockCmd)
    RCC_AHB1PeriphResetCmd                   0x08002c71   Thumb Code    26  stm32f4xx_rcc.o(i.RCC_AHB1PeriphResetCmd)
    RCC_AHB2PeriphClockCmd                   0x08002c91   Thumb Code    26  stm32f4xx_rcc.o(i.RCC_AHB2PeriphClockCmd)
    RCC_AHB3PeriphClockCmd                   0x08002cb1   Thumb Code    26  stm32f4xx_rcc.o(i.RCC_AHB3PeriphClockCmd)
    RCC_APB1PeriphClockCmd                   0x08002cd1   Thumb Code    26  stm32f4xx_rcc.o(i.RCC_APB1PeriphClockCmd)
    RCC_APB1PeriphResetCmd                   0x08002cf1   Thumb Code    26  stm32f4xx_rcc.o(i.RCC_APB1PeriphResetCmd)
    RCC_APB2PeriphClockCmd                   0x08002d11   Thumb Code    26  stm32f4xx_rcc.o(i.RCC_APB2PeriphClockCmd)
    RCC_GetClocksFreq                        0x08002d31   Thumb Code   214  stm32f4xx_rcc.o(i.RCC_GetClocksFreq)
    RCC_GetFlagStatus                        0x08002e19   Thumb Code    60  stm32f4xx_rcc.o(i.RCC_GetFlagStatus)
    RCC_LTDCCLKDivConfig                     0x08002e59   Thumb Code    18  stm32f4xx_rcc.o(i.RCC_LTDCCLKDivConfig)
    RCC_PLLSAICmd                            0x08002e71   Thumb Code     6  stm32f4xx_rcc.o(i.RCC_PLLSAICmd)
    RCC_PLLSAIConfig                         0x08002e7d   Thumb Code    18  stm32f4xx_rcc.o(i.RCC_PLLSAIConfig)
    RGB565_to_Gray                           0x08002e95   Thumb Code    56  proess.o(i.RGB565_to_Gray)
    SDIO_ClearITPendingBit                   0x08002ecd   Thumb Code     6  stm32f4xx_sdio.o(i.SDIO_ClearITPendingBit)
    SDIO_GetITStatus                         0x08002ed9   Thumb Code    20  stm32f4xx_sdio.o(i.SDIO_GetITStatus)
    SDIO_IRQHandler                          0x08002ef1   Thumb Code     8  bsp_sdio_sd.o(i.SDIO_IRQHandler)
    SDIO_ITConfig                            0x08002ef9   Thumb Code    26  stm32f4xx_sdio.o(i.SDIO_ITConfig)
    SDRAM_Init                               0x080032bd   Thumb Code   102  bsp_sdram.o(i.SDRAM_Init)
    SD_ProcessDMAIRQ                         0x08003411   Thumb Code    32  bsp_sdio_sd.o(i.SD_ProcessDMAIRQ)
    SD_ProcessIRQSrc                         0x08003439   Thumb Code   162  bsp_sdio_sd.o(i.SD_ProcessIRQSrc)
    SPI_Cmd                                  0x080034e5   Thumb Code    24  stm32f4xx_spi.o(i.SPI_Cmd)
    SPI_FLASH_BufferRead                     0x080034fd   Thumb Code    74  bsp_spi_flash.o(i.SPI_FLASH_BufferRead)
    SPI_FLASH_Init                           0x0800354d   Thumb Code   220  bsp_spi_flash.o(i.SPI_FLASH_Init)
    SPI_FLASH_SendByte                       0x08003631   Thumb Code   110  bsp_spi_flash.o(i.SPI_FLASH_SendByte)
    SPI_I2S_GetFlagStatus                    0x080036a9   Thumb Code    18  stm32f4xx_spi.o(i.SPI_I2S_GetFlagStatus)
    SPI_I2S_ReceiveData                      0x080036bb   Thumb Code     6  stm32f4xx_spi.o(i.SPI_I2S_ReceiveData)
    SPI_I2S_SendData                         0x080036c1   Thumb Code     4  stm32f4xx_spi.o(i.SPI_I2S_SendData)
    SPI_Init                                 0x080036c5   Thumb Code    60  stm32f4xx_spi.o(i.SPI_Init)
    SVC_Handler                              0x08003741   Thumb Code     2  stm32f4xx_it.o(i.SVC_Handler)
    SYSCFG_EXTILineConfig                    0x08003745   Thumb Code    60  stm32f4xx_syscfg.o(i.SYSCFG_EXTILineConfig)
    SysTick_Handler                          0x080038a5   Thumb Code    42  stm32f4xx_it.o(i.SysTick_Handler)
    SysTick_Init                             0x080038d5   Thumb Code    90  bsp_systick.o(i.SysTick_Init)
    SystemInit                               0x0800393d   Thumb Code    88  system_stm32f4xx.o(i.SystemInit)
    TimingDelay_Decrement                    0x080039a5   Thumb Code    18  bsp_systick.o(i.TimingDelay_Decrement)
    USART1_IRQHandler                        0x080039bd   Thumb Code    32  stm32f4xx_it.o(i.USART1_IRQHandler)
    USART2_IRQHandler                        0x080039e1   Thumb Code    32  stm32f4xx_it.o(i.USART2_IRQHandler)
    USART_Cmd                                0x08003a05   Thumb Code    24  stm32f4xx_usart.o(i.USART_Cmd)
    USART_GetFlagStatus                      0x08003a1d   Thumb Code    26  stm32f4xx_usart.o(i.USART_GetFlagStatus)
    USART_GetITStatus                        0x08003a37   Thumb Code    84  stm32f4xx_usart.o(i.USART_GetITStatus)
    USART_ITConfig                           0x08003a8b   Thumb Code    74  stm32f4xx_usart.o(i.USART_ITConfig)
    USART_Init                               0x08003ad5   Thumb Code   204  stm32f4xx_usart.o(i.USART_Init)
    USART_ReceiveData                        0x08003ba9   Thumb Code    10  stm32f4xx_usart.o(i.USART_ReceiveData)
    USART_SendData                           0x08003bb3   Thumb Code     8  stm32f4xx_usart.o(i.USART_SendData)
    UsageFault_Handler                       0x08003bbb   Thumb Code     4  stm32f4xx_it.o(i.UsageFault_Handler)
    Usart_SendHalfWord                       0x08003bbf   Thumb Code    60  bsp_debug_usart.o(i.Usart_SendHalfWord)
    __0printf                                0x08003bfd   Thumb Code    22  printfa.o(i.__0printf)
    __1printf                                0x08003bfd   Thumb Code     0  printfa.o(i.__0printf)
    __2printf                                0x08003bfd   Thumb Code     0  printfa.o(i.__0printf)
    __c89printf                              0x08003bfd   Thumb Code     0  printfa.o(i.__0printf)
    printf                                   0x08003bfd   Thumb Code     0  printfa.o(i.__0printf)
    __0sprintf                               0x08003c1d   Thumb Code    34  printfa.o(i.__0sprintf)
    __1sprintf                               0x08003c1d   Thumb Code     0  printfa.o(i.__0sprintf)
    __2sprintf                               0x08003c1d   Thumb Code     0  printfa.o(i.__0sprintf)
    __c89sprintf                             0x08003c1d   Thumb Code     0  printfa.o(i.__0sprintf)
    sprintf                                  0x08003c1d   Thumb Code     0  printfa.o(i.__0sprintf)
    __scatterload_copy                       0x08003c45   Thumb Code    14  handlers.o(i.__scatterload_copy)
    __scatterload_null                       0x08003c53   Thumb Code     2  handlers.o(i.__scatterload_null)
    __scatterload_zeroinit                   0x08003c55   Thumb Code    14  handlers.o(i.__scatterload_zeroinit)
    distance                                 0x08004501   Thumb Code    72  proess.o(i.distance)
    fputc                                    0x08004551   Thumb Code    32  bsp_debug_usart.o(i.fputc)
    get_newimage                             0x08004575   Thumb Code   796  proess.o(i.get_newimage)
    main                                     0x080048a1   Thumb Code   678  main.o(i.main)
    otsuThreshold                            0x08004bd1   Thumb Code   580  proess.o(i.otsuThreshold)
    point                                    0x08004e39   Thumb Code   142  proess.o(i.point)
    ASCII16x24_Table                         0x08004ed8   Data        4560  fonts.o(.constdata)
    ASCII12x12_Table                         0x080060a8   Data        2304  fonts.o(.constdata)
    ASCII8x12_Table                          0x080069a8   Data        2304  fonts.o(.constdata)
    ASCII8x8_Table                           0x080072a8   Data        1536  fonts.o(.constdata)
    OV2640_QQVGA                             0x080078a8   Data         656  bsp_ov2640.o(.constdata)
    OV2640_UXGA                              0x08007b38   Data         444  bsp_ov2640.o(.constdata)
    OV2640_JPEG_INIT                         0x08007cf4   Data         380  bsp_ov2640.o(.constdata)
    OV2640_YUV422                            0x08007e70   Data          20  bsp_ov2640.o(.constdata)
    OV2640_JPEG                              0x08007e84   Data          16  bsp_ov2640.o(.constdata)
    OV2640_160x120_JPEG                      0x08007e94   Data          78  bsp_ov2640.o(.constdata)
    OV2640_176x144_JPEG                      0x08007ee2   Data          78  bsp_ov2640.o(.constdata)
    OV2640_320x240_JPEG                      0x08007f30   Data          78  bsp_ov2640.o(.constdata)
    OV2640_352x288_JPEG                      0x08007f7e   Data          78  bsp_ov2640.o(.constdata)
    ov2640_rgb565                            0x08007fcc   Data          28  bsp_ov2640.o(.constdata)
    ov2640_UXGA_YUV                          0x08007fe8   Data         300  bsp_ov2640.o(.constdata)
    offset                                   0x08008114   Data          64  proess.o(.constdata)
    Region$$Table$$Base                      0x0800815c   Number         0  anon$$obj.o(Region$$Table)
    Region$$Table$$Limit                     0x0800817c   Number         0  anon$$obj.o(Region$$Table)
    SystemCoreClock                          0x20000000   Data           4  system_stm32f4xx.o(.data)
    AHBPrescTable                            0x20000004   Data          16  system_stm32f4xx.o(.data)
    thre                                     0x20000024   Data           2  main.o(.data)
    ratio                                    0x20000026   Data           2  main.o(.data)
    center_x                                 0x20000028   Data           2  main.o(.data)
    center_y                                 0x2000002a   Data           2  main.o(.data)
    cnt                                      0x2000002c   Data           2  main.o(.data)
    OV2640_Camera_ID                         0x2000002e   Data           4  main.o(.data)
    i                                        0x20000032   Data           2  main.o(.data)
    j                                        0x20000034   Data           2  main.o(.data)
    num                                      0x20000036   Data           2  main.o(.data)
    flag                                     0x20000038   Data           2  main.o(.data)
    fps                                      0x2000003a   Data           1  main.o(.data)
    d                                        0x2000003c   Data           2  main.o(.data)
    p                                        0x2000003e   Data           8  main.o(.data)
    dig                                      0x20000046   Data           2  main.o(.data)
    image_flag                               0x2000004a   Data           2  stm32f4xx_it.o(.data)
    frame_flag                               0x2000004c   Data           2  stm32f4xx_it.o(.data)
    proess_ok                                0x2000004e   Data           2  stm32f4xx_it.o(.data)
    Font16x24                                0x20000060   Data           8  fonts.o(.data)
    Font12x12                                0x20000068   Data           8  fonts.o(.data)
    Font8x12                                 0x20000070   Data           8  fonts.o(.data)
    Font8x8                                  0x20000078   Data           8  fonts.o(.data)
    lcd_width                                0x20000082   Data           2  bsp_ov2640.o(.data)
    lcd_height                               0x20000084   Data           2  bsp_ov2640.o(.data)
    img_width                                0x20000086   Data           2  bsp_ov2640.o(.data)
    img_height                               0x20000088   Data           2  bsp_ov2640.o(.data)
    StopCondition                            0x2000009c   Data           4  bsp_sdio_sd.o(.data)
    TransferError                            0x200000a0   Data           1  bsp_sdio_sd.o(.data)
    TransferEnd                              0x200000a4   Data           4  bsp_sdio_sd.o(.data)
    DMAEndOfTransfer                         0x200000a8   Data           4  bsp_sdio_sd.o(.data)
    res_sd                                   0x200000ac   Data           1  bsp_sdio_sd.o(.data)
    fnum                                     0x200000b0   Data           4  bsp_sdio_sd.o(.data)
    WriteBuffer                              0x200000b4   Data          68  bsp_sdio_sd.o(.data)
    bmpres                                   0x200000f8   Data           1  bsp_sdio_sd.o(.data)
    __stdout                                 0x200000fc   Data           4  stdout.o(.data)
    Task_Delay                               0x20000100   Data          12  main.o(.bss)
    dispBuf                                  0x2000010c   Data         100  main.o(.bss)
    __initial_sp                             0x20000570   Data           0  startup_stm32f429_439xx.o(STACK)
    imgn                                     0xd0200000   Data       768000  proess.o(.ARM.__AT_0xD0200000)
    m                                        0xd0300000   Data       768000  proess.o(.ARM.__AT_0xD0300000)
    o                                        0xd0400000   Data       768000  proess.o(.ARM.__AT_0xD0400000)
    image2                                   0xd0500000   Data       768000  proess.o(.ARM.__AT_0xD0500000)
    counters                                 0xd0600000   Data       335880  proess.o(.ARM.__AT_0xD0600000)



==============================================================================

Memory Map of the image

  Image Entry point : 0x080001ad

  Load Region LR_IROM1 (Base: 0x08000000, Size: 0x0000827c, Max: 0x00100000, ABSOLUTE)

    Execution Region ER_IROM1 (Base: 0x08000000, Size: 0x0000817c, Max: 0x00100000, ABSOLUTE)

    Base Addr    Size         Type   Attr      Idx    E Section Name        Object

    0x08000000   0x000001ac   Data   RO            3    RESET               startup_stm32f429_439xx.o
    0x080001ac   0x00000000   Code   RO         7041  * .ARM.Collect$$$$00000000  mc_w.l(entry.o)
    0x080001ac   0x00000004   Code   RO         7366    .ARM.Collect$$$$00000001  mc_w.l(entry2.o)
    0x080001b0   0x00000004   Code   RO         7369    .ARM.Collect$$$$00000004  mc_w.l(entry5.o)
    0x080001b4   0x00000000   Code   RO         7371    .ARM.Collect$$$$00000008  mc_w.l(entry7b.o)
    0x080001b4   0x00000000   Code   RO         7373    .ARM.Collect$$$$0000000A  mc_w.l(entry8b.o)
    0x080001b4   0x00000008   Code   RO         7374    .ARM.Collect$$$$0000000B  mc_w.l(entry9a.o)
    0x080001bc   0x00000000   Code   RO         7376    .ARM.Collect$$$$0000000D  mc_w.l(entry10a.o)
    0x080001bc   0x00000000   Code   RO         7378    .ARM.Collect$$$$0000000F  mc_w.l(entry11a.o)
    0x080001bc   0x00000004   Code   RO         7367    .ARM.Collect$$$$00002712  mc_w.l(entry2.o)
    0x080001c0   0x00000024   Code   RO            4    .text               startup_stm32f429_439xx.o
    0x080001e4   0x00000062   Code   RO         7044    .text               mc_w.l(uldiv.o)
    0x08000246   0x0000014e   Code   RO         7313    .text               mf_w.l(dadd.o)
    0x08000394   0x000000e4   Code   RO         7315    .text               mf_w.l(dmul.o)
    0x08000478   0x000000de   Code   RO         7317    .text               mf_w.l(ddiv.o)
    0x08000556   0x00000022   Code   RO         7321    .text               mf_w.l(dflti.o)
    0x08000578   0x0000001a   Code   RO         7323    .text               mf_w.l(dfltui.o)
    0x08000592   0x00000026   Code   RO         7327    .text               mf_w.l(f2d.o)
    0x080005b8   0x00000030   Code   RO         7329    .text               mf_w.l(cdcmple.o)
    0x080005e8   0x00000030   Code   RO         7331    .text               mf_w.l(cdrcmple.o)
    0x08000618   0x0000002c   Code   RO         7381    .text               mc_w.l(uidiv.o)
    0x08000644   0x0000001e   Code   RO         7383    .text               mc_w.l(llshl.o)
    0x08000662   0x00000020   Code   RO         7385    .text               mc_w.l(llushr.o)
    0x08000682   0x00000024   Code   RO         7387    .text               mc_w.l(llsshr.o)
    0x080006a6   0x00000000   Code   RO         7396    .text               mc_w.l(iusefp.o)
    0x080006a6   0x000000ba   Code   RO         7399    .text               mf_w.l(depilogue.o)
    0x08000760   0x00000030   Code   RO         7403    .text               mf_w.l(dfixul.o)
    0x08000790   0x00000024   Code   RO         7413    .text               mc_w.l(init.o)
    0x080007b4   0x00000040   Code   RO         5044    i.BL8782_PDN_INIT   main.o
    0x080007f4   0x00000004   Code   RO         5128    i.BusFault_Handler  stm32f4xx_it.o
    0x080007f8   0x00000024   Code   RO         1093    i.DCMI_CaptureCmd   stm32f4xx_dcmi.o
    0x0800081c   0x0000000c   Code   RO         1095    i.DCMI_ClearITPendingBit  stm32f4xx_dcmi.o
    0x08000828   0x00000024   Code   RO         1096    i.DCMI_Cmd          stm32f4xx_dcmi.o
    0x0800084c   0x0000001c   Code   RO         1099    i.DCMI_GetITStatus  stm32f4xx_dcmi.o
    0x08000868   0x00000034   Code   RO         5129    i.DCMI_IRQHandler   stm32f4xx_it.o
    0x0800089c   0x00000024   Code   RO         1100    i.DCMI_ITConfig     stm32f4xx_dcmi.o
    0x080008c0   0x00000040   Code   RO         1101    i.DCMI_Init         stm32f4xx_dcmi.o
    0x08000900   0x00000016   Code   RO         1337    i.DMA2D_DeInit      stm32f4xx_dma2d.o
    0x08000916   0x00000002   PAD
    0x08000918   0x00000018   Code   RO         1342    i.DMA2D_GetFlagStatus  stm32f4xx_dma2d.o
    0x08000930   0x000000e4   Code   RO         1345    i.DMA2D_Init        stm32f4xx_dma2d.o
    0x08000a14   0x00000014   Code   RO         1347    i.DMA2D_StartTransfer  stm32f4xx_dma2d.o
    0x08000a28   0x00000044   Code   RO         5130    i.DMA2_Stream0_IRQHandler  stm32f4xx_it.o
    0x08000a6c   0x0000007c   Code   RO         5131    i.DMA2_Stream1_IRQHandler  stm32f4xx_it.o
    0x08000ae8   0x00000008   Code   RO         6292    i.DMA2_Stream3_IRQHandler  bsp_sdio_sd.o
    0x08000af0   0x00000034   Code   RO         1199    i.DMA_ClearFlag     stm32f4xx_dma.o
    0x08000b24   0x00000034   Code   RO         1200    i.DMA_ClearITPendingBit  stm32f4xx_dma.o
    0x08000b58   0x00000016   Code   RO         1201    i.DMA_Cmd           stm32f4xx_dma.o
    0x08000b6e   0x00000002   PAD
    0x08000b70   0x00000158   Code   RO         1202    i.DMA_DeInit        stm32f4xx_dma.o
    0x08000cc8   0x00000014   Code   RO         1206    i.DMA_GetCmdStatus  stm32f4xx_dma.o
    0x08000cdc   0x00000064   Code   RO         1211    i.DMA_GetITStatus   stm32f4xx_dma.o
    0x08000d40   0x0000003a   Code   RO         1212    i.DMA_ITConfig      stm32f4xx_dma.o
    0x08000d7a   0x00000002   PAD
    0x08000d7c   0x00000058   Code   RO         1213    i.DMA_Init          stm32f4xx_dma.o
    0x08000dd4   0x00000002   Code   RO         5132    i.DebugMon_Handler  stm32f4xx_it.o
    0x08000dd6   0x00000002   PAD
    0x08000dd8   0x000000a8   Code   RO         5621    i.Debug_USART_Config  bsp_debug_usart.o
    0x08000e80   0x00000018   Code   RO         5977    i.Delay_ms          bsp_systick.o
    0x08000e98   0x0000010c   Code   RO         6019    i.Dilation          proess.o
    0x08000fa4   0x00000020   Code   RO         5133    i.EXTI15_10_IRQHandler  stm32f4xx_it.o
    0x08000fc4   0x0000000c   Code   RO         1464    i.EXTI_ClearITPendingBit  stm32f4xx_exti.o
    0x08000fd0   0x00000018   Code   RO         1468    i.EXTI_GetITStatus  stm32f4xx_exti.o
    0x08000fe8   0x00000094   Code   RO         1469    i.EXTI_Init         stm32f4xx_exti.o
    0x0800107c   0x0000005c   Code   RO         6566    i.EXTI_Key_Config   bsp_exti.o
    0x080010d8   0x00000100   Code   RO         6021    i.Erodation         proess.o
    0x080011d8   0x00000048   Code   RO         1790    i.FMC_GetFlagStatus  stm32f4xx_fmc.o
    0x08001220   0x00000020   Code   RO         1807    i.FMC_SDRAMCmdConfig  stm32f4xx_fmc.o
    0x08001240   0x00000144   Code   RO         1809    i.FMC_SDRAMInit     stm32f4xx_fmc.o
    0x08001384   0x00000018   Code   RO         1813    i.FMC_SetRefreshCount  stm32f4xx_fmc.o
    0x0800139c   0x00000090   Code   RO         1971    i.GPIO_Init         stm32f4xx_gpio.o
    0x0800142c   0x00000046   Code   RO         1972    i.GPIO_PinAFConfig  stm32f4xx_gpio.o
    0x08001472   0x00000004   Code   RO         1978    i.GPIO_ResetBits    stm32f4xx_gpio.o
    0x08001476   0x00000004   Code   RO         1979    i.GPIO_SetBits      stm32f4xx_gpio.o
    0x0800147a   0x00000002   PAD
    0x0800147c   0x00000058   Code   RO         5587    i.GetGBKCode_from_EXFlash  fonts.o
    0x080014d4   0x00000004   Code   RO         5134    i.HardFault_Handler  stm32f4xx_it.o
    0x080014d8   0x00000018   Code   RO         2259    i.I2C_AcknowledgeConfig  stm32f4xx_i2c.o
    0x080014f0   0x0000002a   Code   RO         2262    i.I2C_CheckEvent    stm32f4xx_i2c.o
    0x0800151a   0x00000018   Code   RO         2265    i.I2C_Cmd           stm32f4xx_i2c.o
    0x08001532   0x00000002   PAD
    0x08001534   0x00000060   Code   RO         2268    i.I2C_DeInit        stm32f4xx_i2c.o
    0x08001594   0x00000018   Code   RO         2273    i.I2C_GenerateSTART  stm32f4xx_i2c.o
    0x080015ac   0x00000018   Code   RO         2274    i.I2C_GenerateSTOP  stm32f4xx_i2c.o
    0x080015c4   0x000000e8   Code   RO         2280    i.I2C_Init          stm32f4xx_i2c.o
    0x080016ac   0x00000008   Code   RO         2285    i.I2C_ReceiveData   stm32f4xx_i2c.o
    0x080016b4   0x00000010   Code   RO         2287    i.I2C_Send7bitAddress  stm32f4xx_i2c.o
    0x080016c4   0x00000004   Code   RO         2288    i.I2C_SendData      stm32f4xx_i2c.o
    0x080016c8   0x0000008c   Code   RO         5305    i.LCD_Clear         bsp_lcd.o
    0x08001754   0x0000003c   Code   RO         5306    i.LCD_ClearLine     bsp_lcd.o
    0x08001790   0x000000ac   Code   RO         5310    i.LCD_DispChar_CH   bsp_lcd.o
    0x0800183c   0x00000030   Code   RO         5312    i.LCD_DisplayChar   bsp_lcd.o
    0x0800186c   0x00000080   Code   RO         5314    i.LCD_DisplayStringLine_EN_CH  bsp_lcd.o
    0x080018ec   0x000000dc   Code   RO         5315    i.LCD_DrawChar      bsp_lcd.o
    0x080019c8   0x000000ac   Code   RO         5321    i.LCD_DrawLine      bsp_lcd.o
    0x08001a74   0x00000044   Code   RO         5323    i.LCD_DrawRect      bsp_lcd.o
    0x08001ab8   0x00000308   Code   RO         5327    i.LCD_GPIO_Config   bsp_lcd.o
    0x08001dc0   0x0000000c   Code   RO         5329    i.LCD_GetFont       bsp_lcd.o
    0x08001dcc   0x00000082   Code   RO         5330    i.LCD_Init          bsp_lcd.o
    0x08001e4e   0x00000002   PAD
    0x08001e50   0x000000a8   Code   RO         5331    i.LCD_LayerInit     bsp_lcd.o
    0x08001ef8   0x00000014   Code   RO         5338    i.LCD_SetColors     bsp_lcd.o
    0x08001f0c   0x0000000c   Code   RO         5341    i.LCD_SetFont       bsp_lcd.o
    0x08001f18   0x0000002c   Code   RO         5342    i.LCD_SetLayer      bsp_lcd.o
    0x08001f44   0x0000000c   Code   RO         5343    i.LCD_SetTextColor  bsp_lcd.o
    0x08001f50   0x00000030   Code   RO         5344    i.LCD_SetTransparency  bsp_lcd.o
    0x08001f80   0x00000024   Code   RO         2545    i.LTDC_Cmd          stm32f4xx_ltdc.o
    0x08001fa4   0x00000024   Code   RO         2549    i.LTDC_DitherCmd    stm32f4xx_ltdc.o
    0x08001fc8   0x00000188   Code   RO         2556    i.LTDC_Init         stm32f4xx_ltdc.o
    0x08002150   0x00000004   Code   RO         2559    i.LTDC_LayerAlpha   stm32f4xx_ltdc.o
    0x08002154   0x00000016   Code   RO         2560    i.LTDC_LayerCmd     stm32f4xx_ltdc.o
    0x0800216a   0x00000114   Code   RO         2561    i.LTDC_LayerInit    stm32f4xx_ltdc.o
    0x0800227e   0x00000002   PAD
    0x08002280   0x0000000c   Code   RO         2568    i.LTDC_ReloadConfig  stm32f4xx_ltdc.o
    0x0800228c   0x000001e0   Code   RO         6028    i.MeanFilterOper    proess.o
    0x0800246c   0x00000004   Code   RO         5135    i.MemManage_Handler  stm32f4xx_it.o
    0x08002470   0x00000002   Code   RO         5136    i.NMI_Handler       stm32f4xx_it.o
    0x08002472   0x00000026   Code   RO         5622    i.NVIC_Configuration  bsp_debug_usart.o
    0x08002498   0x00000028   Code   RO         6567    i.NVIC_Configuration  bsp_exti.o
    0x080024c0   0x00000078   Code   RO          164    i.NVIC_Init         misc.o
    0x08002538   0x00000014   Code   RO          165    i.NVIC_PriorityGroupConfig  misc.o
    0x0800254c   0x00000036   Code   RO         5681    i.OV2640_BrightnessConfig  bsp_ov2640.o
    0x08002582   0x00000036   Code   RO         5684    i.OV2640_DCMI_Init  bsp_ov2640.o
    0x080025b8   0x00000080   Code   RO         5685    i.OV2640_DMAlcdtov_Config  bsp_ov2640.o
    0x08002638   0x000000b8   Code   RO         5686    i.OV2640_DMAtolcd_Config  bsp_ov2640.o
    0x080026f0   0x000001f4   Code   RO         5688    i.OV2640_HW_Init    bsp_ov2640.o
    0x080028e4   0x00000030   Code   RO         5693    i.OV2640_NVIT_Config  bsp_ov2640.o
    0x08002914   0x00000090   Code   RO         5694    i.OV2640_OutSize_Set  bsp_ov2640.o
    0x080029a4   0x0000002e   Code   RO         5697    i.OV2640_ReadID     bsp_ov2640.o
    0x080029d2   0x00000002   PAD
    0x080029d4   0x00000128   Code   RO         5698    i.OV2640_ReadReg    bsp_ov2640.o
    0x08002afc   0x00000014   Code   RO         5699    i.OV2640_Reset      bsp_ov2640.o
    0x08002b10   0x0000007c   Code   RO         5701    i.OV2640_UXGAConfig  bsp_ov2640.o
    0x08002b8c   0x000000c0   Code   RO         5704    i.OV2640_WriteReg   bsp_ov2640.o
    0x08002c4c   0x00000002   Code   RO         5137    i.PendSV_Handler    stm32f4xx_it.o
    0x08002c4e   0x00000002   PAD
    0x08002c50   0x00000020   Code   RO         2864    i.RCC_AHB1PeriphClockCmd  stm32f4xx_rcc.o
    0x08002c70   0x00000020   Code   RO         2866    i.RCC_AHB1PeriphResetCmd  stm32f4xx_rcc.o
    0x08002c90   0x00000020   Code   RO         2867    i.RCC_AHB2PeriphClockCmd  stm32f4xx_rcc.o
    0x08002cb0   0x00000020   Code   RO         2870    i.RCC_AHB3PeriphClockCmd  stm32f4xx_rcc.o
    0x08002cd0   0x00000020   Code   RO         2873    i.RCC_APB1PeriphClockCmd  stm32f4xx_rcc.o
    0x08002cf0   0x00000020   Code   RO         2875    i.RCC_APB1PeriphResetCmd  stm32f4xx_rcc.o
    0x08002d10   0x00000020   Code   RO         2876    i.RCC_APB2PeriphClockCmd  stm32f4xx_rcc.o
    0x08002d30   0x000000e8   Code   RO         2885    i.RCC_GetClocksFreq  stm32f4xx_rcc.o
    0x08002e18   0x00000040   Code   RO         2886    i.RCC_GetFlagStatus  stm32f4xx_rcc.o
    0x08002e58   0x00000018   Code   RO         2897    i.RCC_LTDCCLKDivConfig  stm32f4xx_rcc.o
    0x08002e70   0x0000000c   Code   RO         2906    i.RCC_PLLSAICmd     stm32f4xx_rcc.o
    0x08002e7c   0x00000018   Code   RO         2907    i.RCC_PLLSAIConfig  stm32f4xx_rcc.o
    0x08002e94   0x00000038   Code   RO         6032    i.RGB565_to_Gray    proess.o
    0x08002ecc   0x0000000c   Code   RO         3796    i.SDIO_ClearITPendingBit  stm32f4xx_sdio.o
    0x08002ed8   0x00000018   Code   RO         3808    i.SDIO_GetITStatus  stm32f4xx_sdio.o
    0x08002ef0   0x00000008   Code   RO         6296    i.SDIO_IRQHandler   bsp_sdio_sd.o
    0x08002ef8   0x00000020   Code   RO         3811    i.SDIO_ITConfig     stm32f4xx_sdio.o
    0x08002f18   0x000003a4   Code   RO         5248    i.SDRAM_GPIO_Config  bsp_sdram.o
    0x080032bc   0x00000066   Code   RO         5249    i.SDRAM_Init        bsp_sdram.o
    0x08003322   0x000000c8   Code   RO         5250    i.SDRAM_InitSequence  bsp_sdram.o
    0x080033ea   0x00000002   PAD
    0x080033ec   0x00000024   Code   RO         5254    i.SDRAM_delay       bsp_sdram.o
    0x08003410   0x00000028   Code   RO         6315    i.SD_ProcessDMAIRQ  bsp_sdio_sd.o
    0x08003438   0x000000ac   Code   RO         6316    i.SD_ProcessIRQSrc  bsp_sdio_sd.o
    0x080034e4   0x00000018   Code   RO         3998    i.SPI_Cmd           stm32f4xx_spi.o
    0x080034fc   0x00000050   Code   RO         5856    i.SPI_FLASH_BufferRead  bsp_spi_flash.o
    0x0800354c   0x000000e4   Code   RO         5859    i.SPI_FLASH_Init    bsp_spi_flash.o
    0x08003630   0x00000078   Code   RO         5865    i.SPI_FLASH_SendByte  bsp_spi_flash.o
    0x080036a8   0x00000012   Code   RO         4006    i.SPI_I2S_GetFlagStatus  stm32f4xx_spi.o
    0x080036ba   0x00000006   Code   RO         4009    i.SPI_I2S_ReceiveData  stm32f4xx_spi.o
    0x080036c0   0x00000004   Code   RO         4010    i.SPI_I2S_SendData  stm32f4xx_spi.o
    0x080036c4   0x0000003c   Code   RO         4011    i.SPI_Init          stm32f4xx_spi.o
    0x08003700   0x00000040   Code   RO         5872    i.SPI_TIMEOUT_UserCallback  bsp_spi_flash.o
    0x08003740   0x00000002   Code   RO         5138    i.SVC_Handler       stm32f4xx_it.o
    0x08003742   0x00000002   PAD
    0x08003744   0x00000040   Code   RO         4163    i.SYSCFG_EXTILineConfig  stm32f4xx_syscfg.o
    0x08003784   0x00000120   Code   RO           13    i.SetSysClock       system_stm32f4xx.o
    0x080038a4   0x00000030   Code   RO         5139    i.SysTick_Handler   stm32f4xx_it.o
    0x080038d4   0x00000068   Code   RO         5978    i.SysTick_Init      bsp_systick.o
    0x0800393c   0x00000068   Code   RO           15    i.SystemInit        system_stm32f4xx.o
    0x080039a4   0x00000018   Code   RO         5979    i.TimingDelay_Decrement  bsp_systick.o
    0x080039bc   0x00000024   Code   RO         5140    i.USART1_IRQHandler  stm32f4xx_it.o
    0x080039e0   0x00000024   Code   RO         5141    i.USART2_IRQHandler  stm32f4xx_it.o
    0x08003a04   0x00000018   Code   RO         4790    i.USART_Cmd         stm32f4xx_usart.o
    0x08003a1c   0x0000001a   Code   RO         4793    i.USART_GetFlagStatus  stm32f4xx_usart.o
    0x08003a36   0x00000054   Code   RO         4794    i.USART_GetITStatus  stm32f4xx_usart.o
    0x08003a8a   0x0000004a   Code   RO         4796    i.USART_ITConfig    stm32f4xx_usart.o
    0x08003ad4   0x000000d4   Code   RO         4797    i.USART_Init        stm32f4xx_usart.o
    0x08003ba8   0x0000000a   Code   RO         4804    i.USART_ReceiveData  stm32f4xx_usart.o
    0x08003bb2   0x00000008   Code   RO         4807    i.USART_SendData    stm32f4xx_usart.o
    0x08003bba   0x00000004   Code   RO         5142    i.UsageFault_Handler  stm32f4xx_it.o
    0x08003bbe   0x0000003c   Code   RO         5624    i.Usart_SendHalfWord  bsp_debug_usart.o
    0x08003bfa   0x00000002   PAD
    0x08003bfc   0x00000020   Code   RO         7285    i.__0printf         mc_w.l(printfa.o)
    0x08003c1c   0x00000028   Code   RO         7287    i.__0sprintf        mc_w.l(printfa.o)
    0x08003c44   0x0000000e   Code   RO         7419    i.__scatterload_copy  mc_w.l(handlers.o)
    0x08003c52   0x00000002   Code   RO         7420    i.__scatterload_null  mc_w.l(handlers.o)
    0x08003c54   0x0000000e   Code   RO         7421    i.__scatterload_zeroinit  mc_w.l(handlers.o)
    0x08003c62   0x00000002   PAD
    0x08003c64   0x00000164   Code   RO         7292    i._fp_digits        mc_w.l(printfa.o)
    0x08003dc8   0x000006dc   Code   RO         7293    i._printf_core      mc_w.l(printfa.o)
    0x080044a4   0x00000024   Code   RO         7294    i._printf_post_padding  mc_w.l(printfa.o)
    0x080044c8   0x0000002e   Code   RO         7295    i._printf_pre_padding  mc_w.l(printfa.o)
    0x080044f6   0x0000000a   Code   RO         7297    i._sputc            mc_w.l(printfa.o)
    0x08004500   0x00000050   Code   RO         6038    i.distance          proess.o
    0x08004550   0x00000024   Code   RO         5627    i.fputc             bsp_debug_usart.o
    0x08004574   0x0000032c   Code   RO         6042    i.get_newimage      proess.o
    0x080048a0   0x00000330   Code   RO         5045    i.main              main.o
    0x08004bd0   0x00000268   Code   RO         6050    i.otsuThreshold     proess.o
    0x08004e38   0x000000a0   Code   RO         6051    i.point             proess.o
    0x08004ed8   0x000029d0   Data   RO         5588    .constdata          fonts.o
    0x080078a8   0x0000086c   Data   RO         5705    .constdata          bsp_ov2640.o
    0x08008114   0x00000048   Data   RO         6063    .constdata          proess.o
    0x0800815c   0x00000020   Data   RO         7417    Region$$Table       anon$$obj.o


    Execution Region RW_IRAM1 (Base: 0x20000000, Size: 0x00000570, Max: 0x00030000, ABSOLUTE)

    Base Addr    Size         Type   Attr      Idx    E Section Name        Object

    0x20000000   0x00000014   Data   RW           16    .data               system_stm32f4xx.o
    0x20000014   0x00000010   Data   RW         2917    .data               stm32f4xx_rcc.o
    0x20000024   0x00000024   Data   RW         5047    .data               main.o
    0x20000048   0x00000008   Data   RW         5143    .data               stm32f4xx_it.o
    0x20000050   0x00000010   Data   RW         5349    .data               bsp_lcd.o
    0x20000060   0x00000021   Data   RW         5589    .data               fonts.o
    0x20000081   0x00000001   PAD
    0x20000082   0x00000008   Data   RW         5706    .data               bsp_ov2640.o
    0x2000008a   0x00000002   PAD
    0x2000008c   0x00000004   Data   RW         5873    .data               bsp_spi_flash.o
    0x20000090   0x00000004   Data   RW         5980    .data               bsp_systick.o
    0x20000094   0x00000065   Data   RW         6331    .data               bsp_sdio_sd.o
    0x200000f9   0x00000003   PAD
    0x200000fc   0x00000004   Data   RW         7380    .data               mc_w.l(stdout.o)
    0x20000100   0x00000070   Zero   RW         5046    .bss                main.o
    0x20000170   0x00000400   Zero   RW            1    STACK               startup_stm32f429_439xx.o



  Load Region LR$$.ARM.__AT_0xD0200000 (Base: 0xd0200000, Size: 0x00000000, Max: 0x000bb800, ABSOLUTE)

    Execution Region ER$$.ARM.__AT_0xD0200000 (Base: 0xd0200000, Size: 0x000bb800, Max: 0x000bb800, ABSOLUTE, UNINIT)

    Base Addr    Size         Type   Attr      Idx    E Section Name        Object

    0xd0200000   0x000bb800   Zero   RW         6057    .ARM.__AT_0xD0200000  proess.o



  Load Region LR$$.ARM.__AT_0xD0300000 (Base: 0xd0300000, Size: 0x00000000, Max: 0x000bb800, ABSOLUTE)

    Execution Region ER$$.ARM.__AT_0xD0300000 (Base: 0xd0300000, Size: 0x000bb800, Max: 0x000bb800, ABSOLUTE, UNINIT)

    Base Addr    Size         Type   Attr      Idx    E Section Name        Object

    0xd0300000   0x000bb800   Zero   RW         6058    .ARM.__AT_0xD0300000  proess.o



  Load Region LR$$.ARM.__AT_0xD0400000 (Base: 0xd0400000, Size: 0x00000000, Max: 0x000bb800, ABSOLUTE)

    Execution Region ER$$.ARM.__AT_0xD0400000 (Base: 0xd0400000, Size: 0x000bb800, Max: 0x000bb800, ABSOLUTE, UNINIT)

    Base Addr    Size         Type   Attr      Idx    E Section Name        Object

    0xd0400000   0x000bb800   Zero   RW         6059    .ARM.__AT_0xD0400000  proess.o



  Load Region LR$$.ARM.__AT_0xD0500000 (Base: 0xd0500000, Size: 0x00000000, Max: 0x000bb800, ABSOLUTE)

    Execution Region ER$$.ARM.__AT_0xD0500000 (Base: 0xd0500000, Size: 0x000bb800, Max: 0x000bb800, ABSOLUTE, UNINIT)

    Base Addr    Size         Type   Attr      Idx    E Section Name        Object

    0xd0500000   0x000bb800   Zero   RW         6060    .ARM.__AT_0xD0500000  proess.o



  Load Region LR$$.ARM.__AT_0xD0600000 (Base: 0xd0600000, Size: 0x00000000, Max: 0x00052008, ABSOLUTE)

    Execution Region ER$$.ARM.__AT_0xD0600000 (Base: 0xd0600000, Size: 0x00052008, Max: 0x00052008, ABSOLUTE, UNINIT)

    Base Addr    Size         Type   Attr      Idx    E Section Name        Object

    0xd0600000   0x00052008   Zero   RW         6061    .ARM.__AT_0xD0600000  proess.o


==============================================================================

Image component sizes


      Code (inc. data)   RO Data    RW Data    ZI Data      Debug   Object Name

       302         14          0          0          0       3106   bsp_debug_usart.o
       132          6          0          0          0       1198   bsp_exti.o
      2230        164          0         16          0      13058   bsp_lcd.o
      1790         84       2156          8          0      17039   bsp_ov2640.o
       228         18          0        101          0       9664   bsp_sdio_sd.o
      1270         28          0          0          0       3365   bsp_sdram.o
       492         72          0          4          0       3453   bsp_spi_flash.o
       152         24          0          4          0      28977   bsp_systick.o
        88          4      10704         33          0       2474   fonts.o
       880        142          0         36        112      17770   main.o
       140         24          0          0          0       1891   misc.o
      2728        126         72          0    3407880       8753   proess.o
        36          8        428          0       1024       1004   startup_stm32f429_439xx.o
       212         32          0          0          0       4449   stm32f4xx_dcmi.o
       736         72          0          0          0       7382   stm32f4xx_dma.o
       294         20          0          0          0       3396   stm32f4xx_dma2d.o
       184         16          0          0          0       2560   stm32f4xx_exti.o
       452         20          0          0          0       4063   stm32f4xx_fmc.o
       222          0          0          0          0       3451   stm32f4xx_gpio.o
       494         28          0          0          0       7769   stm32f4xx_i2c.o
       420         76          0          8          0       8565   stm32f4xx_it.o
       778         32          0          0          0       5591   stm32f4xx_ltdc.o
       580         82          0         16          0      10897   stm32f4xx_rcc.o
        68         16          0          0          0       2024   stm32f4xx_sdio.o
       112          0          0          0          0       4166   stm32f4xx_spi.o
        64          4          0          0          0        760   stm32f4xx_syscfg.o
       438          8          0          0          0       6361   stm32f4xx_usart.o
       392         32          0         20          0     349037   system_stm32f4xx.o

    ----------------------------------------------------------------------
     15940       1152      13392        252    3409016     532223   Object Totals
         0          0         32          0          0          0   (incl. Generated)
        26          0          0          6          0          0   (incl. Padding)

    ----------------------------------------------------------------------

      Code (inc. data)   RO Data    RW Data    ZI Data      Debug   Library Member Name

         0          0          0          0          0          0   entry.o
         0          0          0          0          0          0   entry10a.o
         0          0          0          0          0          0   entry11a.o
         8          4          0          0          0          0   entry2.o
         4          0          0          0          0          0   entry5.o
         0          0          0          0          0          0   entry7b.o
         0          0          0          0          0          0   entry8b.o
         8          4          0          0          0          0   entry9a.o
        30          0          0          0          0          0   handlers.o
        36          8          0          0          0         68   init.o
         0          0          0          0          0          0   iusefp.o
        30          0          0          0          0         68   llshl.o
        36          0          0          0          0         68   llsshr.o
        32          0          0          0          0         68   llushr.o
      2276         96          0          0          0        596   printfa.o
         0          0          0          4          0          0   stdout.o
        44          0          0          0          0         80   uidiv.o
        98          0          0          0          0         92   uldiv.o
        48          0          0          0          0         68   cdcmple.o
        48          0          0          0          0         68   cdrcmple.o
       334          0          0          0          0        148   dadd.o
       222          0          0          0          0        100   ddiv.o
       186          0          0          0          0        176   depilogue.o
        48          0          0          0          0         68   dfixul.o
        34          0          0          0          0         76   dflti.o
        26          0          0          0          0         76   dfltui.o
       228          0          0          0          0         96   dmul.o
        38          0          0          0          0         68   f2d.o

    ----------------------------------------------------------------------
      3816        112          0          4          0       1984   Library Totals
         2          0          0          0          0          0   (incl. Padding)

    ----------------------------------------------------------------------

      Code (inc. data)   RO Data    RW Data    ZI Data      Debug   Library Name

      2602        112          0          4          0       1040   mc_w.l
      1212          0          0          0          0        944   mf_w.l

    ----------------------------------------------------------------------
      3816        112          0          4          0       1984   Library Totals

    ----------------------------------------------------------------------

==============================================================================


      Code (inc. data)   RO Data    RW Data    ZI Data      Debug   

     19756       1264      13392        256    3409016     518771   Grand Totals
     19756       1264      13392        256    3409016     518771   ELF Image Totals
     19756       1264      13392        256          0          0   ROM Totals

==============================================================================

    Total RO  Size (Code + RO Data)                33148 (  32.37kB)
    Total RW  Size (RW Data + ZI Data)           3409272 (3329.37kB)
    Total ROM Size (Code + RO Data + RW Data)      33404 (  32.62kB)

==============================================================================

